Archive member included because of file (symbol)

.\CortexM0\ARM_GCC_484\Debug\Design01.a(cyfitter_cfg.o)
                              .\CortexM0\ARM_GCC_484\Debug\Cm0Start.o (cyfitter_cfg)
.\CortexM0\ARM_GCC_484\Debug\Design01.a(TCPWM_1.o)
                              .\CortexM0\ARM_GCC_484\Debug\main.o (TCPWM_1_Start)
.\CortexM0\ARM_GCC_484\Debug\Design01.a(CyBootAsmGnu.o)
                              .\CortexM0\ARM_GCC_484\Debug\Design01.a(TCPWM_1.o) (CyEnterCriticalSection)
.\CortexM0\ARM_GCC_484\Debug\Design01.a(CyLib.o)
                              .\CortexM0\ARM_GCC_484\Debug\Design01.a(cyfitter_cfg.o) (CyDelayUs)
.\CortexM0\ARM_GCC_484\Debug\Design01.a(BLE.o)
                              .\CortexM0\ARM_GCC_484\Debug\main.o (CyBle_Start)
.\CortexM0\ARM_GCC_484\Debug\Design01.a(BLE_gatt.o)
                              .\CortexM0\ARM_GCC_484\Debug\Design01.a(BLE.o) (cyBle_state)
.\CortexM0\ARM_GCC_484\Debug\Design01.a(BLE_ias.o)
                              .\CortexM0\ARM_GCC_484\Debug\Design01.a(BLE.o) (CyBle_IasInit)
.\CortexM0\ARM_GCC_484\Debug\Design01.a(BLE_eventHandler.o)
                              .\CortexM0\ARM_GCC_484\Debug\Design01.a(BLE.o) (cyBle_eventHandlerFlag)
C:\Program Files (x86)\Cypress\PSoC Creator\3.1\PSoC Creator\psoc\content\cycomponentlibrary\CyComponentLibrary.cylib\BLE_v1_20\Library\gccCyBLEStack_BLE_SOC_PERIPHERAL.a(CyBle.o)
                              .\CortexM0\ARM_GCC_484\Debug\main.o (CyBle_ProcessEvents)
C:\Program Files (x86)\Cypress\PSoC Creator\3.1\PSoC Creator\psoc\content\cycomponentlibrary\CyComponentLibrary.cylib\BLE_v1_20\Library\gccCyBLEStack_BLE_SOC_PERIPHERAL.a(CyBleStackMgrIP_Interface.o)
                              C:\Program Files (x86)\Cypress\PSoC Creator\3.1\PSoC Creator\psoc\content\cycomponentlibrary\CyComponentLibrary.cylib\BLE_v1_20\Library\gccCyBLEStack_BLE_SOC_PERIPHERAL.a(CyBle.o) (CyBleStackMgr_BleGetConfigData)
C:\Program Files (x86)\Cypress\PSoC Creator\3.1\PSoC Creator\psoc\content\cycomponentlibrary\CyComponentLibrary.cylib\BLE_v1_20\Library\gccCyBLEStack_BLE_SOC_PERIPHERAL.a(BT_os.o)
                              C:\Program Files (x86)\Cypress\PSoC Creator\3.1\PSoC Creator\psoc\content\cycomponentlibrary\CyComponentLibrary.cylib\BLE_v1_20\Library\gccCyBLEStack_BLE_SOC_PERIPHERAL.a(CyBleStackMgrIP_Interface.o) (bt_stack_init_os)
C:\Program Files (x86)\Cypress\PSoC Creator\3.1\PSoC Creator\psoc\content\cycomponentlibrary\CyComponentLibrary.cylib\BLE_v1_20\Library\gccCyBLEStack_BLE_SOC_PERIPHERAL.a(CyBleStackMgr_StackTaskHandler.o)
                              C:\Program Files (x86)\Cypress\PSoC Creator\3.1\PSoC Creator\psoc\content\cycomponentlibrary\CyComponentLibrary.cylib\BLE_v1_20\Library\gccCyBLEStack_BLE_SOC_PERIPHERAL.a(CyBleStackMgrIP_Interface.o) (CyBle_CreateBleStackTask)
C:\Program Files (x86)\Cypress\PSoC Creator\3.1\PSoC Creator\psoc\content\cycomponentlibrary\CyComponentLibrary.cylib\BLE_v1_20\Library\gccCyBLEStack_BLE_SOC_PERIPHERAL.a(transport_sf.o)
                              C:\Program Files (x86)\Cypress\PSoC Creator\3.1\PSoC Creator\psoc\content\cycomponentlibrary\CyComponentLibrary.cylib\BLE_v1_20\Library\gccCyBLEStack_BLE_SOC_PERIPHERAL.a(CyBleStackMgr_StackTaskHandler.o) (hci_soft_transport_notify_data_received)
C:\Program Files (x86)\Cypress\PSoC Creator\3.1\PSoC Creator\psoc\content\cycomponentlibrary\CyComponentLibrary.cylib\BLE_v1_20\Library\gccCyBLEStack_BLE_SOC_PERIPHERAL.a(CyBleStackMgr_PSoCHal.o)
                              C:\Program Files (x86)\Cypress\PSoC Creator\3.1\PSoC Creator\psoc\content\cycomponentlibrary\CyComponentLibrary.cylib\BLE_v1_20\Library\gccCyBLEStack_BLE_SOC_PERIPHERAL.a(CyBleStackMgrIP_Interface.o) (CyBleStackMgr_HalInit)
C:\Program Files (x86)\Cypress\PSoC Creator\3.1\PSoC Creator\psoc\content\cycomponentlibrary\CyComponentLibrary.cylib\BLE_v1_20\Library\gccCyBLEStack_BLE_SOC_PERIPHERAL.a(CyBleStackMgr_BleSSDriver.o)
                              C:\Program Files (x86)\Cypress\PSoC Creator\3.1\PSoC Creator\psoc\content\cycomponentlibrary\CyComponentLibrary.cylib\BLE_v1_20\Library\gccCyBLEStack_BLE_SOC_PERIPHERAL.a(CyBleStackMgrIP_Interface.o) (CyBleStackMgr_BleSSInit)
C:\Program Files (x86)\Cypress\PSoC Creator\3.1\PSoC Creator\psoc\content\cycomponentlibrary\CyComponentLibrary.cylib\BLE_v1_20\Library\gccCyBLEStack_BLE_SOC_PERIPHERAL.a(config_bin.o)
                              C:\Program Files (x86)\Cypress\PSoC Creator\3.1\PSoC Creator\psoc\content\cycomponentlibrary\CyComponentLibrary.cylib\BLE_v1_20\Library\gccCyBLEStack_BLE_SOC_PERIPHERAL.a(CyBleStackMgr_PSoCHal.o) (bt_cfg_pdata)
C:\Program Files (x86)\Cypress\PSoC Creator\3.1\PSoC Creator\psoc\content\cycomponentlibrary\CyComponentLibrary.cylib\BLE_v1_20\Library\gccCyBLEStack_BLE_SOC_PERIPHERAL.a(mint_os.o)
[...]
Memory Configuration

Name             Origin             Length             Attributes
rom              0x00000000         0x00020000         xr
ram              0x20000000         0x00004000         xrw
*default*        0x00000000         0xffffffff

Linker script and memory map

LOAD c:/program files (x86)/cypress/psoc creator/3.1/psoc creator/import/gnu_cs/arm/4.8.4/bin/../lib/gcc/arm-none-eabi/4.8.4/armv6-m/crti.o
LOAD c:/program files (x86)/cypress/psoc creator/3.1/psoc creator/import/gnu_cs/arm/4.8.4/bin/../lib/gcc/arm-none-eabi/4.8.4/armv6-m/crtbegin.o
LOAD c:/program files (x86)/cypress/psoc creator/3.1/psoc creator/import/gnu_cs/arm/4.8.4/bin/../lib/gcc/arm-none-eabi/4.8.4/../../../../arm-none-eabi/lib/armv6-m/crt0.o
START GROUP
LOAD .\CortexM0\ARM_GCC_484\Debug\main.o
LOAD .\CortexM0\ARM_GCC_484\Debug\cymetadata.o
LOAD .\CortexM0\ARM_GCC_484\Debug\Cm0Start.o
LOAD .\CortexM0\ARM_GCC_484\Debug\Design01.a
LOAD C:\Program Files (x86)\Cypress\PSoC Creator\3.1\PSoC Creator\psoc\content\cycomponentlibrary\CyComponentLibrary.cylib\BLE_v1_20\Library\gccCyBLEStack_BLE_SOC_PERIPHERAL.a
LOAD C:\Program Files (x86)\Cypress\PSoC Creator\3.1\PSoC Creator\psoc\content\cycomponentlibrary\CyComponentLibrary.cylib\CortexM0\ARM_GCC_484\Debug\CyComponentLibrary.a
END GROUP
START GROUP
LOAD c:/program files (x86)/cypress/psoc creator/3.1/psoc creator/import/gnu_cs/arm/4.8.4/bin/../lib/gcc/arm-none-eabi/4.8.4/armv6-m\libgcc.a
LOAD c:/program files (x86)/cypress/psoc creator/3.1/psoc creator/import/gnu_cs/arm/4.8.4/bin/../lib/gcc/arm-none-eabi/4.8.4/../../../../arm-none-eabi/lib/armv6-m\libg_s.a
LOAD c:/program files (x86)/cypress/psoc creator/3.1/psoc creator/import/gnu_cs/arm/4.8.4/bin/../lib/gcc/arm-none-eabi/4.8.4/../../../../arm-none-eabi/lib/armv6-m\libc_s.a
END GROUP
START GROUP
LOAD c:/program files (x86)/cypress/psoc creator/3.1/psoc creator/import/gnu_cs/arm/4.8.4/bin/../lib/gcc/arm-none-eabi/4.8.4/armv6-m\libgcc.a
LOAD c:/program files (x86)/cypress/psoc creator/3.1/psoc creator/import/gnu_cs/arm/4.8.4/bin/../lib/gcc/arm-none-eabi/4.8.4/../../../../arm-none-eabi/lib/armv6-m\libc_s.a
END GROUP
LOAD c:/program files (x86)/cypress/psoc creator/3.1/psoc creator/import/gnu_cs/arm/4.8.4/bin/../lib/gcc/arm-none-eabi/4.8.4/armv6-m/crtend.o
LOAD c:/program files (x86)/cypress/psoc creator/3.1/psoc creator/import/gnu_cs/arm/4.8.4/bin/../lib/gcc/arm-none-eabi/4.8.4/armv6-m/crtn.o
START GROUP
LOAD c:/program files (x86)/cypress/psoc creator/3.1/psoc creator/import/gnu_cs/arm/4.8.4/bin/../lib/gcc/arm-none-eabi/4.8.4/armv6-m\libgcc.a
LOAD c:/program files (x86)/cypress/psoc creator/3.1/psoc creator/import/gnu_cs/arm/4.8.4/bin/../lib/gcc/arm-none-eabi/4.8.4/../../../../arm-none-eabi/lib/armv6-m\libc.a
LOAD c:/program files (x86)/cypress/psoc creator/3.1/psoc creator/import/gnu_cs/arm/4.8.4/bin/../lib/gcc/arm-none-eabi/4.8.4/../../../../arm-none-eabi/lib/armv6-m\libnosys.a
END GROUP
                0x00000000                CY_APPL_ORIGIN = 0x0
                0x00000080                CY_FLASH_ROW_SIZE = 0x80
                0x00000001                CY_APPL_NUM = 0x1
                0x00000040                CY_METADATA_SIZE = 0x40
                0x200024a8                PROVIDE (__cy_heap_start, _end)
                0x00000001                PROVIDE (__cy_region_num, ((__cy_regions_end - __cy_regions) / 0x10))
                0x20004000                PROVIDE (__cy_stack, (ORIGIN (ram) + 0x4000))
                0x20003800                PROVIDE (__cy_heap_end, (__cy_stack - 0x800))

.cybootloader   0x00000000        0x0
 *(.cybootloader)
                0x00000000                appl1_start = CY_APPL_ORIGIN?CY_APPL_ORIGIN:ALIGN (CY_FLASH_ROW_SIZE)
                0x0000ff80                appl2_start = (appl1_start + ALIGN ((((0x20000 - appl1_start) - (0x2 * CY_FLASH_ROW_SIZE)) / 0x2), CY_FLASH_ROW_SIZE))
                0x00000000                appl_start = (CY_APPL_NUM == 0x1)?appl1_start:appl2_start

.text           0x00000000     0x13d8
 CREATE_OBJECT_SYMBOLS
                0x00000000                PROVIDE (__cy_interrupt_vector, RomVectors)
 *(.romvectors)
 .romvectors    0x00000000       0x10 .\CortexM0\ARM_GCC_484\Debug\Cm0Start.o
                0x00000000                RomVectors
                0x00000001                ASSERT ((. != __cy_interrupt_vector), No interrupt vector)
                0x00000001                ASSERT (CY_APPL_ORIGIN?(SIZEOF (.cybootloader) <= CY_APPL_ORIGIN):0x1, Wrong image location)
                0x00000010                PROVIDE (__cy_reset, Reset)
 *(.text.Reset)
 .text.Reset    0x00000010        0x8 .\CortexM0\ARM_GCC_484\Debug\Cm0Start.o
                0x00000010                Reset
                0x00000001                ASSERT ((. != __cy_reset), No reset code)
 *(.psocinit)
 .psocinit      0x00000018      0x260 .\CortexM0\ARM_GCC_484\Debug\Design01.a(cyfitter_cfg.o)
                0x00000198                cyfitter_cfg
                0x00000278                . = MAX (., 0x100)
 *(.text .text.* .gnu.linkonce.t.*)
 .text          0x00000278       0x60 c:/program files (x86)/cypress/psoc creator/3.1/psoc creator/import/gnu_cs/arm/4.8.4/bin/../lib/gcc/arm-none-eabi/4.8.4/armv6-m/crtbegin.o
 .text.main     0x000002d8       0x28 .\CortexM0\ARM_GCC_484\Debug\main.o
                0x000002d8                main
 .text.StackEventHandler
                0x00000300       0x24 .\CortexM0\ARM_GCC_484\Debug\main.o
                0x00000300                StackEventHandler
 .text.IasEventHandler
                0x00000324       0x34 .\CortexM0\ARM_GCC_484\Debug\main.o
                0x00000324                IasEventHandler
 .text.HandleAlertLEDs
                0x00000358       0x40 .\CortexM0\ARM_GCC_484\Debug\main.o
                0x00000358                HandleAlertLEDs
 .text.IntDefaultHandler
                0x00000398        0x8 .\CortexM0\ARM_GCC_484\Debug\Cm0Start.o
                0x00000398                IntDefaultHandler
 .text.Start_c  0x000003a0       0x98 .\CortexM0\ARM_GCC_484\Debug\Cm0Start.o
                0x000003a0                Start_c
 .text.initialize_psoc
                0x00000438       0x70 .\CortexM0\ARM_GCC_484\Debug\Cm0Start.o
                0x00000438                initialize_psoc
 .text.CYMEMZERO
                0x000004a8       0x20 .\CortexM0\ARM_GCC_484\Debug\Design01.a(cyfitter_cfg.o)
 .text.AnalogSetDefault
                0x000004c8       0x28 .\CortexM0\ARM_GCC_484\Debug\Design01.a(cyfitter_cfg.o)
 .text.TCPWM_1_Init
                0x000004f0       0x30 .\CortexM0\ARM_GCC_484\Debug\Design01.a(TCPWM_1.o)
                0x000004f0                TCPWM_1_Init
 .text.TCPWM_1_Enable
                0x00000520       0x38 .\CortexM0\ARM_GCC_484\Debug\Design01.a(TCPWM_1.o)
                0x00000520                TCPWM_1_Enable
 .text.TCPWM_1_Start
                0x00000558       0x24 .\CortexM0\ARM_GCC_484\Debug\Design01.a(TCPWM_1.o)
                0x00000558                TCPWM_1_Start
 .text.TCPWM_1_WriteCounter
                0x0000057c       0x1c .\CortexM0\ARM_GCC_484\Debug\Design01.a(TCPWM_1.o)
                0x0000057c                TCPWM_1_WriteCounter
 .text.TCPWM_1_WritePeriod
                0x00000598       0x1c .\CortexM0\ARM_GCC_484\Debug\Design01.a(TCPWM_1.o)
                0x00000598                TCPWM_1_WritePeriod
 .text.TCPWM_1_WriteCompare
                0x000005b4       0x1c .\CortexM0\ARM_GCC_484\Debug\Design01.a(TCPWM_1.o)
                0x000005b4                TCPWM_1_WriteCompare
 .text.TCPWM_1_TriggerCommand
                0x000005d0       0x3c .\CortexM0\ARM_GCC_484\Debug\Design01.a(TCPWM_1.o)
                0x000005d0                TCPWM_1_TriggerCommand
 .text.TCPWM_1_SetInterruptMode
                0x0000060c       0x18 .\CortexM0\ARM_GCC_484\Debug\Design01.a(TCPWM_1.o)
                0x0000060c                TCPWM_1_SetInterruptMode
 *fill*         0x00000624        0x4 
 .text          0x00000628       0x20 .\CortexM0\ARM_GCC_484\Debug\Design01.a(CyBootAsmGnu.o)
                0x00000628                CyDelayCycles
                0x0000063a                CyEnterCriticalSection
                0x00000642                CyExitCriticalSection
 .text.CySysClkWcoSetHighPowerMode
                0x00000648       0x3c .\CortexM0\ARM_GCC_484\Debug\Design01.a(CyLib.o)
 .text.CySysClkWcoSetLowPowerMode
                0x00000684       0x48 .\CortexM0\ARM_GCC_484\Debug\Design01.a(CyLib.o)
 .text.CySysClkEcoStart
                0x000006cc       0x74 .\CortexM0\ARM_GCC_484\Debug\Design01.a(CyLib.o)
                0x000006cc                CySysClkEcoStart
 .text.CySysClkEcoReadStatus
                0x00000740       0x18 .\CortexM0\ARM_GCC_484\Debug\Design01.a(CyLib.o)
                0x00000740                CySysClkEcoReadStatus
 .text.CySysClkWcoStart
                0x00000758       0x20 .\CortexM0\ARM_GCC_484\Debug\Design01.a(CyLib.o)
                0x00000758                CySysClkWcoStart
 .text.CySysClkWcoSetPowerMode
                0x00000778       0x40 .\CortexM0\ARM_GCC_484\Debug\Design01.a(CyLib.o)
                0x00000778                CySysClkWcoSetPowerMode
 .text.CyHalt   0x000007b8       0x14 .\CortexM0\ARM_GCC_484\Debug\Design01.a(CyLib.o)
                0x000007b8                CyHalt
 .text.CyDelay  0x000007cc       0x48 .\CortexM0\ARM_GCC_484\Debug\Design01.a(CyLib.o)
                0x000007cc                CyDelay
 .text.CyDelayUs
                0x00000814       0x28 .\CortexM0\ARM_GCC_484\Debug\Design01.a(CyLib.o)
                0x00000814                CyDelayUs
 .text.CyBle_Init
                0x0000083c       0x2c .\CortexM0\ARM_GCC_484\Debug\Design01.a(BLE.o)
                0x0000083c                CyBle_Init
 .text.CyBle_ServiceInit
                0x00000868        0xc .\CortexM0\ARM_GCC_484\Debug\Design01.a(BLE.o)
                0x00000868                CyBle_ServiceInit
 .text.CyBle_Start
                0x00000874       0x90 .\CortexM0\ARM_GCC_484\Debug\Design01.a(BLE.o)
                0x00000874                CyBle_Start
 .text.CyBle_GappStartAdvertisement
                0x00000904       0xc4 .\CortexM0\ARM_GCC_484\Debug\Design01.a(BLE.o)
                0x00000904                CyBle_GappStartAdvertisement
 .text.CyBle_ChangeAdDeviceAddress
                0x000009c8       0x60 .\CortexM0\ARM_GCC_484\Debug\Design01.a(BLE.o)
                0x000009c8                CyBle_ChangeAdDeviceAddress
 .text.CyBle_Get16ByPtr
                0x00000a28       0x24 .\CortexM0\ARM_GCC_484\Debug\Design01.a(BLE.o)
                0x00000a28                CyBle_Get16ByPtr
 .text.CyBle_GattsWriteEventHandler
                0x00000a4c       0xa0 .\CortexM0\ARM_GCC_484\Debug\Design01.a(BLE_gatt.o)
                0x00000a4c                CyBle_GattsWriteEventHandler
 .text.CyBle_IasInit
                0x00000aec        0x8 .\CortexM0\ARM_GCC_484\Debug\Design01.a(BLE_ias.o)
                0x00000aec                CyBle_IasInit
 .text.CyBle_IasRegisterAttrCallback
                0x00000af4       0x18 .\CortexM0\ARM_GCC_484\Debug\Design01.a(BLE_ias.o)
                0x00000af4                CyBle_IasRegisterAttrCallback
 .text.CyBle_IassDisconnectEventHandler
                0x00000b0c       0x38 .\CortexM0\ARM_GCC_484\Debug\Design01.a(BLE_ias.o)
                0x00000b0c                CyBle_IassDisconnectEventHandler
 .text.CyBle_IassWriteCmdEventHandler
                0x00000b44       0x90 .\CortexM0\ARM_GCC_484\Debug\Design01.a(BLE_ias.o)
                0x00000b44                CyBle_IassWriteCmdEventHandler
 .text.CyBle_IassGetCharacteristicValue
                0x00000bd4       0x78 .\CortexM0\ARM_GCC_484\Debug\Design01.a(BLE_ias.o)
                0x00000bd4                CyBle_IassGetCharacteristicValue
 .text.CyBle_WriteReqHandler
                0x00000c4c       0x70 .\CortexM0\ARM_GCC_484\Debug\Design01.a(BLE_eventHandler.o)
 .text.CyBle_ValueConfirmation
                0x00000cbc       0x10 .\CortexM0\ARM_GCC_484\Debug\Design01.a(BLE_eventHandler.o)
 .text.CyBle_GattDisconnectEventHandler
                0x00000ccc       0x1c .\CortexM0\ARM_GCC_484\Debug\Design01.a(BLE_eventHandler.o)
 .text.CyBle_TimeOutEventHandler
                0x00000ce8       0x10 .\CortexM0\ARM_GCC_484\Debug\Design01.a(BLE_eventHandler.o)
 .text.CyBle_GattConnectReqHandler
                0x00000cf8        0x8 .\CortexM0\ARM_GCC_484\Debug\Design01.a(BLE_eventHandler.o)
 .text.CyBle_IsDeviceAddressValid
                0x00000d00       0x60 .\CortexM0\ARM_GCC_484\Debug\Design01.a(BLE_eventHandler.o)
 .text.CyBle_L2Cap_ConnParamUpdateRspEventHandler
                0x00000d60       0x14 .\CortexM0\ARM_GCC_484\Debug\Design01.a(BLE_eventHandler.o)
 .text.CyBle_GapConnUpdateCompleteEventHandler
                0x00000d74       0x10 .\CortexM0\ARM_GCC_484\Debug\Design01.a(BLE_eventHandler.o)
 .text.CyBle_EventHandler
                0x00000d84      0x2d4 .\CortexM0\ARM_GCC_484\Debug\Design01.a(BLE_eventHandler.o)
                0x00000d84                CyBle_EventHandler
 .text.CySysPmSleep
                0x00001058       0x34 .\CortexM0\ARM_GCC_484\Debug\Design01.a(cyPm.o)
                0x00001058                CySysPmSleep
 .text.CyBLE_Bless_LlRegWrite
                0x0000108c       0x1c .\CortexM0\ARM_GCC_484\Debug\Design01.a(BLE_HAL_PVT.o)
                0x0000108c                CyBLE_Bless_LlRegWrite
 .text.CyBLE_Bless_RfRegWrite
                0x000010a8       0x1c .\CortexM0\ARM_GCC_484\Debug\Design01.a(BLE_HAL_PVT.o)
                0x000010a8                CyBLE_Bless_RfRegWrite
 .text.CyBleHal_DelayUs
                0x000010c4       0x1c .\CortexM0\ARM_GCC_484\Debug\Design01.a(BLE_HAL_PVT.o)
                0x000010c4                CyBleHal_DelayUs
 .text.CyBleHal_EnableGlobalInterrupts
                0x000010e0        0xc .\CortexM0\ARM_GCC_484\Debug\Design01.a(BLE_HAL_PVT.o)
                0x000010e0                CyBleHal_EnableGlobalInterrupts
 .text.CyBleHal_DisableGlobalInterrupts
                0x000010ec        0xc .\CortexM0\ARM_GCC_484\Debug\Design01.a(BLE_HAL_PVT.o)
                0x000010ec                CyBleHal_DisableGlobalInterrupts
 .text.CyBle_HalInit
                0x000010f8       0x20 .\CortexM0\ARM_GCC_484\Debug\Design01.a(BLE_HAL_PVT.o)
                0x000010f8                CyBle_HalInit
 .text.CYBLE_BlessStart
                0x00001118       0x14 .\CortexM0\ARM_GCC_484\Debug\Design01.a(BLE_HAL_PVT.o)
                0x00001118                CYBLE_BlessStart
 .text.BLE_bless_isr_StartEx
                0x0000112c       0x24 .\CortexM0\ARM_GCC_484\Debug\Design01.a(BLE_bless_isr.o)
                0x0000112c                BLE_bless_isr_StartEx
 .text.BLE_bless_isr_SetVector
                0x00001150       0x18 .\CortexM0\ARM_GCC_484\Debug\Design01.a(BLE_bless_isr.o)
                0x00001150                BLE_bless_isr_SetVector
 .text.BLE_bless_isr_SetPriority
                0x00001168       0x50 .\CortexM0\ARM_GCC_484\Debug\Design01.a(BLE_bless_isr.o)
                0x00001168                BLE_bless_isr_SetPriority
 .text.BLE_bless_isr_Enable
                0x000011b8       0x14 .\CortexM0\ARM_GCC_484\Debug\Design01.a(BLE_bless_isr.o)
                0x000011b8                BLE_bless_isr_Enable
 .text.BLE_bless_isr_Disable
                0x000011cc       0x14 .\CortexM0\ARM_GCC_484\Debug\Design01.a(BLE_bless_isr.o)
                0x000011cc                BLE_bless_isr_Disable
 .text.CyBLE_Bless_Interrupt
                0x000011e0        0xc .\CortexM0\ARM_GCC_484\Debug\Design01.a(BLE_HAL_INT.o)
                0x000011e0                CyBLE_Bless_Interrupt
 .text          0x000011ec       0x9c c:/program files (x86)/cypress/psoc creator/3.1/psoc creator/import/gnu_cs/arm/4.8.4/bin/../lib/gcc/arm-none-eabi/4.8.4/armv6-m\libgcc.a(_udivsi3.o)
                0x000011ec                __aeabi_uidiv
                0x000011ec                __udivsi3
                0x00001274                __aeabi_uidivmod
 .text          0x00001288       0xc0 c:/program files (x86)/cypress/psoc creator/3.1/psoc creator/import/gnu_cs/arm/4.8.4/bin/../lib/gcc/arm-none-eabi/4.8.4/armv6-m\libgcc.a(_divsi3.o)
                0x00001288                __divsi3
                0x00001288                __aeabi_idiv
                0x00001334                __aeabi_idivmod
 .text          0x00001348        0x4 c:/program files (x86)/cypress/psoc creator/3.1/psoc creator/import/gnu_cs/arm/4.8.4/bin/../lib/gcc/arm-none-eabi/4.8.4/armv6-m\libgcc.a(_dvmd_tls.o)
                0x00001348                __aeabi_idiv0
                0x00001348                __aeabi_ldiv0
 .text.__libc_init_array
                0x0000134c       0x4c c:/program files (x86)/cypress/psoc creator/3.1/psoc creator/import/gnu_cs/arm/4.8.4/bin/../lib/gcc/arm-none-eabi/4.8.4/../../../../arm-none-eabi/lib/armv6-m\libg_s.a(lib_a-init.o)
                0x0000134c                __libc_init_array
 .text.memcmp   0x00001398       0x1e c:/program files (x86)/cypress/psoc creator/3.1/psoc creator/import/gnu_cs/arm/4.8.4/bin/../lib/gcc/arm-none-eabi/4.8.4/../../../../arm-none-eabi/lib/armv6-m\libg_s.a(lib_a-memcmp.o)
                0x00001398                memcmp
 .text.memcpy   0x000013b6       0x12 c:/program files (x86)/cypress/psoc creator/3.1/psoc creator/import/gnu_cs/arm/4.8.4/bin/../lib/gcc/arm-none-eabi/4.8.4/../../../../arm-none-eabi/lib/armv6-m\libg_s.a(lib_a-memcpy-stub.o)
                0x000013b6                memcpy
 .text.memset   0x000013c8       0x10 c:/program files (x86)/cypress/psoc creator/3.1/psoc creator/import/gnu_cs/arm/4.8.4/bin/../lib/gcc/arm-none-eabi/4.8.4/../../../../arm-none-eabi/lib/armv6-m\libg_s.a(lib_a-memset.o)
                0x000013c8                memset
 *(.plt)
 *(.gnu.warning)
 *(.glue_7t)
 .glue_7t       0x00000000        0x0 linker stubs
 *(.glue_7)
 .glue_7        0x00000000        0x0 linker stubs
 *(.vfp11_veneer)
 .vfp11_veneer  0x00000000        0x0 linker stubs
 *(.bootloader)
 *(.ARM.extab* .gnu.linkonce.armextab.*)
 *(.gcc_except_table)

.v4_bx          0x000013d8        0x0
 .v4_bx         0x00000000        0x0 linker stubs

.iplt           0x000013d8        0x0
 .iplt          0x00000000        0x0 c:/program files (x86)/cypress/psoc creator/3.1/psoc creator/import/gnu_cs/arm/4.8.4/bin/../lib/gcc/arm-none-eabi/4.8.4/armv6-m/crtbegin.o

i.CyBle_ExitLPM
                0x000013d8        0x8
 i.CyBle_ExitLPM
                0x000013d8        0x8 C:\Program Files (x86)\Cypress\PSoC Creator\3.1\PSoC Creator\psoc\content\cycomponentlibrary\CyComponentLibrary.cylib\BLE_v1_20\Library\gccCyBLEStack_BLE_SOC_PERIPHERAL.a(CyBle.o)
                0x000013d8                CyBle_ExitLPM

i.CyBle_ProcessEvents
                0x000013e0        0x8
 i.CyBle_ProcessEvents
                0x000013e0        0x8 C:\Program Files (x86)\Cypress\PSoC Creator\3.1\PSoC Creator\psoc\content\cycomponentlibrary\CyComponentLibrary.cylib\BLE_v1_20\Library\gccCyBLEStack_BLE_SOC_PERIPHERAL.a(CyBle.o)
                0x000013e0                CyBle_ProcessEvents

i.CyBle_SetDeviceAddress
                0x000013e8       0x24
 i.CyBle_SetDeviceAddress
                0x000013e8       0x24 C:\Program Files (x86)\Cypress\PSoC Creator\3.1\PSoC Creator\psoc\content\cycomponentlibrary\CyComponentLibrary.cylib\BLE_v1_20\Library\gccCyBLEStack_BLE_SOC_PERIPHERAL.a(CyBle.o)
                0x000013e8                CyBle_SetDeviceAddress

i.CyBle_StackInit
                0x0000140c       0x84
 i.CyBle_StackInit
                0x0000140c       0x84 C:\Program Files (x86)\Cypress\PSoC Creator\3.1\PSoC Creator\psoc\content\cycomponentlibrary\CyComponentLibrary.cylib\BLE_v1_20\Library\gccCyBLEStack_BLE_SOC_PERIPHERAL.a(CyBle.o)
                0x0000140c                CyBle_StackInit

i.CyBleStackMgr_BleGetConfigData
                0x00001490        0x4
 i.CyBleStackMgr_BleGetConfigData
                0x00001490        0x4 C:\Program Files (x86)\Cypress\PSoC Creator\3.1\PSoC Creator\psoc\content\cycomponentlibrary\CyComponentLibrary.cylib\BLE_v1_20\Library\gccCyBLEStack_BLE_SOC_PERIPHERAL.a(CyBleStackMgrIP_Interface.o)
                0x00001490                CyBleStackMgr_BleGetConfigData

i.CyBleStackMgr_BleSetConfigData
                0x00001494        0x4
 i.CyBleStackMgr_BleSetConfigData
                0x00001494        0x4 C:\Program Files (x86)\Cypress\PSoC Creator\3.1\PSoC Creator\psoc\content\cycomponentlibrary\CyComponentLibrary.cylib\BLE_v1_20\Library\gccCyBLEStack_BLE_SOC_PERIPHERAL.a(CyBleStackMgrIP_Interface.o)
                0x00001494                CyBleStackMgr_BleSetConfigData

i.CyBleStackMgr_Init
                0x00001498      0x104
 i.CyBleStackMgr_Init
                0x00001498      0x104 C:\Program Files (x86)\Cypress\PSoC Creator\3.1\PSoC Creator\psoc\content\cycomponentlibrary\CyComponentLibrary.cylib\BLE_v1_20\Library\gccCyBLEStack_BLE_SOC_PERIPHERAL.a(CyBleStackMgrIP_Interface.o)
                0x00001498                CyBleStackMgr_Init

i.CyBleStackMgr_ProcessBleEvents
                0x0000159c       0x14
 i.CyBleStackMgr_ProcessBleEvents
                0x0000159c       0x14 C:\Program Files (x86)\Cypress\PSoC Creator\3.1\PSoC Creator\psoc\content\cycomponentlibrary\CyComponentLibrary.cylib\BLE_v1_20\Library\gccCyBLEStack_BLE_SOC_PERIPHERAL.a(CyBleStackMgrIP_Interface.o)
                0x0000159c                CyBleStackMgr_ProcessBleEvents

i.ble_stack_idle_task_callback
                0x000015b0        0x2
 i.ble_stack_idle_task_callback
                0x000015b0        0x2 C:\Program Files (x86)\Cypress\PSoC Creator\3.1\PSoC Creator\psoc\content\cycomponentlibrary\CyComponentLibrary.cylib\BLE_v1_20\Library\gccCyBLEStack_BLE_SOC_PERIPHERAL.a(CyBleStackMgrIP_Interface.o)
                0x000015b0                ble_stack_idle_task_callback

i.BT_OSFreeBuf  0x000015b4       0x18
 i.BT_OSFreeBuf
                0x000015b4       0x18 C:\Program Files (x86)\Cypress\PSoC Creator\3.1\PSoC Creator\psoc\content\cycomponentlibrary\CyComponentLibrary.cylib\BLE_v1_20\Library\gccCyBLEStack_BLE_SOC_PERIPHERAL.a(BT_os.o)
                0x000015b4                BT_OSFreeBuf

i.BT_OSGetBuF   0x000015cc       0x1c
 i.BT_OSGetBuF  0x000015cc       0x1c C:\Program Files (x86)\Cypress\PSoC Creator\3.1\PSoC Creator\psoc\content\cycomponentlibrary\CyComponentLibrary.cylib\BLE_v1_20\Library\gccCyBLEStack_BLE_SOC_PERIPHERAL.a(BT_os.o)
                0x000015cc                BT_OSGetBuF

i.BT_OSMemCreate
                0x000015e8       0x1c
 i.BT_OSMemCreate
                0x000015e8       0x1c C:\Program Files (x86)\Cypress\PSoC Creator\3.1\PSoC Creator\psoc\content\cycomponentlibrary\CyComponentLibrary.cylib\BLE_v1_20\Library\gccCyBLEStack_BLE_SOC_PERIPHERAL.a(BT_os.o)
                0x000015e8                BT_OSMemCreate

i.BT_alloc_mem_ext
                0x00001604       0x34
 i.BT_alloc_mem_ext
                0x00001604       0x34 C:\Program Files (x86)\Cypress\PSoC Creator\3.1\PSoC Creator\psoc\content\cycomponentlibrary\CyComponentLibrary.cylib\BLE_v1_20\Library\gccCyBLEStack_BLE_SOC_PERIPHERAL.a(BT_os.o)
                0x00001604                BT_alloc_mem_ext

i.BT_free_mem   0x00001638        0xc
 i.BT_free_mem  0x00001638        0xc C:\Program Files (x86)\Cypress\PSoC Creator\3.1\PSoC Creator\psoc\content\cycomponentlibrary\CyComponentLibrary.cylib\BLE_v1_20\Library\gccCyBLEStack_BLE_SOC_PERIPHERAL.a(BT_os.o)
                0x00001638                BT_free_mem

i.bt_stack_init_os
                0x00001644       0x34
 i.bt_stack_init_os
                0x00001644       0x34 C:\Program Files (x86)\Cypress\PSoC Creator\3.1\PSoC Creator\psoc\content\cycomponentlibrary\CyComponentLibrary.cylib\BLE_v1_20\Library\gccCyBLEStack_BLE_SOC_PERIPHERAL.a(BT_os.o)
                0x00001644                bt_stack_init_os

i.CyBle_CheckBleStackTaskStatus
                0x00001678        0x4
 i.CyBle_CheckBleStackTaskStatus
                0x00001678        0x4 C:\Program Files (x86)\Cypress\PSoC Creator\3.1\PSoC Creator\psoc\content\cycomponentlibrary\CyComponentLibrary.cylib\BLE_v1_20\Library\gccCyBLEStack_BLE_SOC_PERIPHERAL.a(CyBleStackMgr_StackTaskHandler.o)
                0x00001678                CyBle_CheckBleStackTaskStatus

i.CyBle_CreateBleStackTask
                0x0000167c       0x2c
 i.CyBle_CreateBleStackTask
                0x0000167c       0x2c C:\Program Files (x86)\Cypress\PSoC Creator\3.1\PSoC Creator\psoc\content\cycomponentlibrary\CyComponentLibrary.cylib\BLE_v1_20\Library\gccCyBLEStack_BLE_SOC_PERIPHERAL.a(CyBleStackMgr_StackTaskHandler.o)
                0x0000167c                CyBle_CreateBleStackTask

i.CyBle_SignalBleStackTask
                0x000016a8       0x50
 i.CyBle_SignalBleStackTask
                0x000016a8       0x50 C:\Program Files (x86)\Cypress\PSoC Creator\3.1\PSoC Creator\psoc\content\cycomponentlibrary\CyComponentLibrary.cylib\BLE_v1_20\Library\gccCyBLEStack_BLE_SOC_PERIPHERAL.a(CyBleStackMgr_StackTaskHandler.o)
                0x000016a8                CyBle_SignalBleStackTask

i.CyBle_StackTaskHandler
                0x000016f8       0x5c
 i.CyBle_StackTaskHandler
                0x000016f8       0x5c C:\Program Files (x86)\Cypress\PSoC Creator\3.1\PSoC Creator\psoc\content\cycomponentlibrary\CyComponentLibrary.cylib\BLE_v1_20\Library\gccCyBLEStack_BLE_SOC_PERIPHERAL.a(CyBleStackMgr_StackTaskHandler.o)
                0x000016f8                CyBle_StackTaskHandler

i.__ARM_common_switch8
                0x00001754       0x1a
 i.__ARM_common_switch8
                0x00001754       0x1a C:\Program Files (x86)\Cypress\PSoC Creator\3.1\PSoC Creator\psoc\content\cycomponentlibrary\CyComponentLibrary.cylib\BLE_v1_20\Library\gccCyBLEStack_BLE_SOC_PERIPHERAL.a(CyBleStackMgr_StackTaskHandler.o)
                0x00001754                __ARM_common_switch8

i.hci_soft_transport_notify_data_received
                0x00001770        0xc
 i.hci_soft_transport_notify_data_received
                0x00001770        0xc C:\Program Files (x86)\Cypress\PSoC Creator\3.1\PSoC Creator\psoc\content\cycomponentlibrary\CyComponentLibrary.cylib\BLE_v1_20\Library\gccCyBLEStack_BLE_SOC_PERIPHERAL.a(transport_sf.o)
                0x00001770                hci_soft_transport_notify_data_received

i.hci_soft_transport_rx_data
                0x0000177c       0x40
 i.hci_soft_transport_rx_data
                0x0000177c       0x40 C:\Program Files (x86)\Cypress\PSoC Creator\3.1\PSoC Creator\psoc\content\cycomponentlibrary\CyComponentLibrary.cylib\BLE_v1_20\Library\gccCyBLEStack_BLE_SOC_PERIPHERAL.a(transport_sf.o)
                0x0000177c                hci_soft_transport_rx_data

i.hci_transport_bt_init
                0x000017bc        0x2
 i.hci_transport_bt_init
                0x000017bc        0x2 C:\Program Files (x86)\Cypress\PSoC Creator\3.1\PSoC Creator\psoc\content\cycomponentlibrary\CyComponentLibrary.cylib\BLE_v1_20\Library\gccCyBLEStack_BLE_SOC_PERIPHERAL.a(transport_sf.o)
                0x000017bc                hci_transport_bt_init

i.hci_transport_init
                0x000017c0       0x10
 i.hci_transport_init
                0x000017c0       0x10 C:\Program Files (x86)\Cypress\PSoC Creator\3.1\PSoC Creator\psoc\content\cycomponentlibrary\CyComponentLibrary.cylib\BLE_v1_20\Library\gccCyBLEStack_BLE_SOC_PERIPHERAL.a(transport_sf.o)
                0x000017c0                hci_transport_init

i.hci_transport_write_data
                0x000017d0       0xd4
 i.hci_transport_write_data
                0x000017d0       0xd4 C:\Program Files (x86)\Cypress\PSoC Creator\3.1\PSoC Creator\psoc\content\cycomponentlibrary\CyComponentLibrary.cylib\BLE_v1_20\Library\gccCyBLEStack_BLE_SOC_PERIPHERAL.a(transport_sf.o)
                0x000017d0                hci_transport_write_data

i.pf_hci_soft_transport_write
                0x000018a4       0x44
 i.pf_hci_soft_transport_write
                0x000018a4       0x44 C:\Program Files (x86)\Cypress\PSoC Creator\3.1\PSoC Creator\psoc\content\cycomponentlibrary\CyComponentLibrary.cylib\BLE_v1_20\Library\gccCyBLEStack_BLE_SOC_PERIPHERAL.a(transport_sf.o)
                0x000018a4                pf_hci_soft_transport_write

i.pf_soft_hci_transport_init
                0x000018e8        0xc
 i.pf_soft_hci_transport_init
                0x000018e8        0xc C:\Program Files (x86)\Cypress\PSoC Creator\3.1\PSoC Creator\psoc\content\cycomponentlibrary\CyComponentLibrary.cylib\BLE_v1_20\Library\gccCyBLEStack_BLE_SOC_PERIPHERAL.a(transport_sf.o)
                0x000018e8                pf_soft_hci_transport_init

i.CyBleStackMgr_GetTime
                0x000018f4       0x14
 i.CyBleStackMgr_GetTime
                0x000018f4       0x14 C:\Program Files (x86)\Cypress\PSoC Creator\3.1\PSoC Creator\psoc\content\cycomponentlibrary\CyComponentLibrary.cylib\BLE_v1_20\Library\gccCyBLEStack_BLE_SOC_PERIPHERAL.a(CyBleStackMgr_PSoCHal.o)
                0x000018f4                CyBleStackMgr_GetTime

i.CyBleStackMgr_HalInit
                0x00001908       0x24
 i.CyBleStackMgr_HalInit
                0x00001908       0x24 C:\Program Files (x86)\Cypress\PSoC Creator\3.1\PSoC Creator\psoc\content\cycomponentlibrary\CyComponentLibrary.cylib\BLE_v1_20\Library\gccCyBLEStack_BLE_SOC_PERIPHERAL.a(CyBleStackMgr_PSoCHal.o)
                0x00001908                CyBleStackMgr_HalInit

i.CyBleStackMgr_HalIntrEnable
                0x0000192c        0x8
 i.CyBleStackMgr_HalIntrEnable
                0x0000192c        0x8 C:\Program Files (x86)\Cypress\PSoC Creator\3.1\PSoC Creator\psoc\content\cycomponentlibrary\CyComponentLibrary.cylib\BLE_v1_20\Library\gccCyBLEStack_BLE_SOC_PERIPHERAL.a(CyBleStackMgr_PSoCHal.o)
                0x0000192c                CyBleStackMgr_HalIntrEnable

i.CyBleStackMgr_HandleLinkLayerTick
                0x00001934       0x5c
 i.CyBleStackMgr_HandleLinkLayerTick
                0x00001934       0x5c C:\Program Files (x86)\Cypress\PSoC Creator\3.1\PSoC Creator\psoc\content\cycomponentlibrary\CyComponentLibrary.cylib\BLE_v1_20\Library\gccCyBLEStack_BLE_SOC_PERIPHERAL.a(CyBleStackMgr_PSoCHal.o)
                0x00001934                CyBleStackMgr_HandleLinkLayerTick

i.CyBleStackMgr_HciPortInit
                0x00001990        0xc
 i.CyBleStackMgr_HciPortInit
                0x00001990        0xc C:\Program Files (x86)\Cypress\PSoC Creator\3.1\PSoC Creator\psoc\content\cycomponentlibrary\CyComponentLibrary.cylib\BLE_v1_20\Library\gccCyBLEStack_BLE_SOC_PERIPHERAL.a(CyBleStackMgr_PSoCHal.o)
                0x00001990                CyBleStackMgr_HciPortInit

i.CyBleStackMgr_HciPortReset
                0x0000199c        0x2
 i.CyBleStackMgr_HciPortReset
                0x0000199c        0x2 C:\Program Files (x86)\Cypress\PSoC Creator\3.1\PSoC Creator\psoc\content\cycomponentlibrary\CyComponentLibrary.cylib\BLE_v1_20\Library\gccCyBLEStack_BLE_SOC_PERIPHERAL.a(CyBleStackMgr_PSoCHal.o)
                0x0000199c                CyBleStackMgr_HciPortReset

i.CyBleStackMgr_HciPortWrite
                0x0000199e        0x8
 i.CyBleStackMgr_HciPortWrite
                0x0000199e        0x8 C:\Program Files (x86)\Cypress\PSoC Creator\3.1\PSoC Creator\psoc\content\cycomponentlibrary\CyComponentLibrary.cylib\BLE_v1_20\Library\gccCyBLEStack_BLE_SOC_PERIPHERAL.a(CyBleStackMgr_PSoCHal.o)
                0x0000199e                CyBleStackMgr_HciPortWrite

i.CyBleStackMgr_ResetLinkLayerTimerEntity
                0x000019a8       0x14
 i.CyBleStackMgr_ResetLinkLayerTimerEntity
                0x000019a8       0x14 C:\Program Files (x86)\Cypress\PSoC Creator\3.1\PSoC Creator\psoc\content\cycomponentlibrary\CyComponentLibrary.cylib\BLE_v1_20\Library\gccCyBLEStack_BLE_SOC_PERIPHERAL.a(CyBleStackMgr_PSoCHal.o)
                0x000019a8                CyBleStackMgr_ResetLinkLayerTimerEntity

i.CyBleStackMgr_TimerStart
                0x000019bc       0x2c
 i.CyBleStackMgr_TimerStart
                0x000019bc       0x2c C:\Program Files (x86)\Cypress\PSoC Creator\3.1\PSoC Creator\psoc\content\cycomponentlibrary\CyComponentLibrary.cylib\BLE_v1_20\Library\gccCyBLEStack_BLE_SOC_PERIPHERAL.a(CyBleStackMgr_PSoCHal.o)
                0x000019bc                CyBleStackMgr_TimerStart

i.CyBleStackMgr_TimerStop
                0x000019e8       0x18
 i.CyBleStackMgr_TimerStop
                0x000019e8       0x18 C:\Program Files (x86)\Cypress\PSoC Creator\3.1\PSoC Creator\psoc\content\cycomponentlibrary\CyComponentLibrary.cylib\BLE_v1_20\Library\gccCyBLEStack_BLE_SOC_PERIPHERAL.a(CyBleStackMgr_PSoCHal.o)
                0x000019e8                CyBleStackMgr_TimerStop

i.CyBleStackMgr_isTimerRunning
                0x00001a00       0x10
 i.CyBleStackMgr_isTimerRunning
                0x00001a00       0x10 C:\Program Files (x86)\Cypress\PSoC Creator\3.1\PSoC Creator\psoc\content\cycomponentlibrary\CyComponentLibrary.cylib\BLE_v1_20\Library\gccCyBLEStack_BLE_SOC_PERIPHERAL.a(CyBleStackMgr_PSoCHal.o)
                0x00001a00                CyBleStackMgr_isTimerRunning

i.CyBleAtlantisRadioInit
                0x00001a10      0x1ac
 i.CyBleAtlantisRadioInit
                0x00001a10      0x1ac C:\Program Files (x86)\Cypress\PSoC Creator\3.1\PSoC Creator\psoc\content\cycomponentlibrary\CyComponentLibrary.cylib\BLE_v1_20\Library\gccCyBLEStack_BLE_SOC_PERIPHERAL.a(CyBleStackMgr_BleSSDriver.o)

i.CyBleStackMgr_BleSSFifoRead
                0x00001bbc       0x38
 i.CyBleStackMgr_BleSSFifoRead
                0x00001bbc       0x38 C:\Program Files (x86)\Cypress\PSoC Creator\3.1\PSoC Creator\psoc\content\cycomponentlibrary\CyComponentLibrary.cylib\BLE_v1_20\Library\gccCyBLEStack_BLE_SOC_PERIPHERAL.a(CyBleStackMgr_BleSSDriver.o)
                0x00001bbc                CyBleStackMgr_BleSSFifoRead

i.CyBleStackMgr_BleSSFifoWrite
                0x00001bf4       0x30
 i.CyBleStackMgr_BleSSFifoWrite
                0x00001bf4       0x30 C:\Program Files (x86)\Cypress\PSoC Creator\3.1\PSoC Creator\psoc\content\cycomponentlibrary\CyComponentLibrary.cylib\BLE_v1_20\Library\gccCyBLEStack_BLE_SOC_PERIPHERAL.a(CyBleStackMgr_BleSSDriver.o)
                0x00001bf4                CyBleStackMgr_BleSSFifoWrite

i.CyBleStackMgr_BleSSInit
                0x00001c24       0x50
 i.CyBleStackMgr_BleSSInit
                0x00001c24       0x50 C:\Program Files (x86)\Cypress\PSoC Creator\3.1\PSoC Creator\psoc\content\cycomponentlibrary\CyComponentLibrary.cylib\BLE_v1_20\Library\gccCyBLEStack_BLE_SOC_PERIPHERAL.a(CyBleStackMgr_BleSSDriver.o)
                0x00001c24                CyBleStackMgr_BleSSInit

i.CyBleStackMgr_BleSSMemRead
                0x00001c74       0x26
 i.CyBleStackMgr_BleSSMemRead
                0x00001c74       0x26 C:\Program Files (x86)\Cypress\PSoC Creator\3.1\PSoC Creator\psoc\content\cycomponentlibrary\CyComponentLibrary.cylib\BLE_v1_20\Library\gccCyBLEStack_BLE_SOC_PERIPHERAL.a(CyBleStackMgr_BleSSDriver.o)
                0x00001c74                CyBleStackMgr_BleSSMemRead

i.CyBleStackMgr_BleSSMemWrite
                0x00001c9c       0x34
 i.CyBleStackMgr_BleSSMemWrite
                0x00001c9c       0x34 C:\Program Files (x86)\Cypress\PSoC Creator\3.1\PSoC Creator\psoc\content\cycomponentlibrary\CyComponentLibrary.cylib\BLE_v1_20\Library\gccCyBLEStack_BLE_SOC_PERIPHERAL.a(CyBleStackMgr_BleSSDriver.o)
                0x00001c9c                CyBleStackMgr_BleSSMemWrite

i.CyBleStackMgr_BleSSRegRead
                0x00001cd0        0xc
 i.CyBleStackMgr_BleSSRegRead
                0x00001cd0        0xc C:\Program Files (x86)\Cypress\PSoC Creator\3.1\PSoC Creator\psoc\content\cycomponentlibrary\CyComponentLibrary.cylib\BLE_v1_20\Library\gccCyBLEStack_BLE_SOC_PERIPHERAL.a(CyBleStackMgr_BleSSDriver.o)
                0x00001cd0                CyBleStackMgr_BleSSRegRead

i.CyBleStackMgr_BleSSRegWrite
                0x00001cdc        0xc
 i.CyBleStackMgr_BleSSRegWrite
                0x00001cdc        0xc C:\Program Files (x86)\Cypress\PSoC Creator\3.1\PSoC Creator\psoc\content\cycomponentlibrary\CyComponentLibrary.cylib\BLE_v1_20\Library\gccCyBLEStack_BLE_SOC_PERIPHERAL.a(CyBleStackMgr_BleSSDriver.o)
                0x00001cdc                CyBleStackMgr_BleSSRegWrite

i.CyBleStackMgr_BleSSReset
                0x00001ce8       0x38
 i.CyBleStackMgr_BleSSReset
                0x00001ce8       0x38 C:\Program Files (x86)\Cypress\PSoC Creator\3.1\PSoC Creator\psoc\content\cycomponentlibrary\CyComponentLibrary.cylib\BLE_v1_20\Library\gccCyBLEStack_BLE_SOC_PERIPHERAL.a(CyBleStackMgr_BleSSDriver.o)
                0x00001ce8                CyBleStackMgr_BleSSReset

i.CyBleStackMgr_GenericIface
                0x00001d20       0x3c
 i.CyBleStackMgr_GenericIface
                0x00001d20       0x3c C:\Program Files (x86)\Cypress\PSoC Creator\3.1\PSoC Creator\psoc\content\cycomponentlibrary\CyComponentLibrary.cylib\BLE_v1_20\Library\gccCyBLEStack_BLE_SOC_PERIPHERAL.a(CyBleStackMgr_BleSSDriver.o)
                0x00001d20                CyBleStackMgr_GenericIface

i.CyBleStackMgr_HandleBleSSIntr
                0x00001d5c       0x90
 i.CyBleStackMgr_HandleBleSSIntr
                0x00001d5c       0x90 C:\Program Files (x86)\Cypress\PSoC Creator\3.1\PSoC Creator\psoc\content\cycomponentlibrary\CyComponentLibrary.cylib\BLE_v1_20\Library\gccCyBLEStack_BLE_SOC_PERIPHERAL.a(CyBleStackMgr_BleSSDriver.o)
                0x00001d5c                CyBleStackMgr_HandleBleSSIntr

i.CyBleStackMgr_SetClockParam
                0x00001dec       0xb4
 i.CyBleStackMgr_SetClockParam
                0x00001dec       0xb4 C:\Program Files (x86)\Cypress\PSoC Creator\3.1\PSoC Creator\psoc\content\cycomponentlibrary\CyComponentLibrary.cylib\BLE_v1_20\Library\gccCyBLEStack_BLE_SOC_PERIPHERAL.a(CyBleStackMgr_BleSSDriver.o)

i.CyBle_ExitDsmMode
                0x00001ea0       0x2c
 i.CyBle_ExitDsmMode
                0x00001ea0       0x2c C:\Program Files (x86)\Cypress\PSoC Creator\3.1\PSoC Creator\psoc\content\cycomponentlibrary\CyComponentLibrary.cylib\BLE_v1_20\Library\gccCyBLEStack_BLE_SOC_PERIPHERAL.a(CyBleStackMgr_BleSSDriver.o)
                0x00001ea0                CyBle_ExitDsmMode

i.CyBle_GetBleSsOperationalMode
                0x00001ecc        0xc
 i.CyBle_GetBleSsOperationalMode
                0x00001ecc        0xc C:\Program Files (x86)\Cypress\PSoC Creator\3.1\PSoC Creator\psoc\content\cycomponentlibrary\CyComponentLibrary.cylib\BLE_v1_20\Library\gccCyBLEStack_BLE_SOC_PERIPHERAL.a(CyBleStackMgr_BleSSDriver.o)
                0x00001ecc                CyBle_GetBleSsOperationalMode

i.CyBle_GetLpMode
                0x00001ed8       0x26
 i.CyBle_GetLpMode
                0x00001ed8       0x26 C:\Program Files (x86)\Cypress\PSoC Creator\3.1\PSoC Creator\psoc\content\cycomponentlibrary\CyComponentLibrary.cylib\BLE_v1_20\Library\gccCyBLEStack_BLE_SOC_PERIPHERAL.a(CyBleStackMgr_BleSSDriver.o)
                0x00001ed8                CyBle_GetLpMode

i.CyBle_GetTxGainMode
                0x00001f00       0x2c
 i.CyBle_GetTxGainMode
                0x00001f00       0x2c C:\Program Files (x86)\Cypress\PSoC Creator\3.1\PSoC Creator\psoc\content\cycomponentlibrary\CyComponentLibrary.cylib\BLE_v1_20\Library\gccCyBLEStack_BLE_SOC_PERIPHERAL.a(CyBleStackMgr_BleSSDriver.o)
                0x00001f00                CyBle_GetTxGainMode

i.CyBle_SetBleSsOperationalMode
                0x00001f2c       0x20
 i.CyBle_SetBleSsOperationalMode
                0x00001f2c       0x20 C:\Program Files (x86)\Cypress\PSoC Creator\3.1\PSoC Creator\psoc\content\cycomponentlibrary\CyComponentLibrary.cylib\BLE_v1_20\Library\gccCyBLEStack_BLE_SOC_PERIPHERAL.a(CyBleStackMgr_BleSSDriver.o)
                0x00001f2c                CyBle_SetBleSsOperationalMode

i.CyBle_SetEventCloseState
                0x00001f4c        0xc
 i.CyBle_SetEventCloseState
                0x00001f4c        0xc C:\Program Files (x86)\Cypress\PSoC Creator\3.1\PSoC Creator\psoc\content\cycomponentlibrary\CyComponentLibrary.cylib\BLE_v1_20\Library\gccCyBLEStack_BLE_SOC_PERIPHERAL.a(CyBleStackMgr_BleSSDriver.o)
                0x00001f4c                CyBle_SetEventCloseState

i.CyBle_SetRxGainMode
                0x00001f58       0x20
 i.CyBle_SetRxGainMode
                0x00001f58       0x20 C:\Program Files (x86)\Cypress\PSoC Creator\3.1\PSoC Creator\psoc\content\cycomponentlibrary\CyComponentLibrary.cylib\BLE_v1_20\Library\gccCyBLEStack_BLE_SOC_PERIPHERAL.a(CyBleStackMgr_BleSSDriver.o)
                0x00001f58                CyBle_SetRxGainMode

i.CyBle_SetTxGainMode
                0x00001f78       0x38
 i.CyBle_SetTxGainMode
                0x00001f78       0x38 C:\Program Files (x86)\Cypress\PSoC Creator\3.1\PSoC Creator\psoc\content\cycomponentlibrary\CyComponentLibrary.cylib\BLE_v1_20\Library\gccCyBLEStack_BLE_SOC_PERIPHERAL.a(CyBleStackMgr_BleSSDriver.o)
                0x00001f78                CyBle_SetTxGainMode

i.pf_rf_get_abs_rssi
                0x00001fb0       0x24
 i.pf_rf_get_abs_rssi
                0x00001fb0       0x24 C:\Program Files (x86)\Cypress\PSoC Creator\3.1\PSoC Creator\psoc\content\cycomponentlibrary\CyComponentLibrary.cylib\BLE_v1_20\Library\gccCyBLEStack_BLE_SOC_PERIPHERAL.a(CyBleStackMgr_BleSSDriver.o)
                0x00001fb0                pf_rf_get_abs_rssi

i.OS_init       0x00001fd4       0x64
 i.OS_init      0x00001fd4       0x64 C:\Program Files (x86)\Cypress\PSoC Creator\3.1\PSoC Creator\psoc\content\cycomponentlibrary\CyComponentLibrary.cylib\BLE_v1_20\Library\gccCyBLEStack_BLE_SOC_PERIPHERAL.a(mint_os.o)
                0x00001fd4                OS_init

i.mintos_malloc
                0x00002038       0x34
 i.mintos_malloc
                0x00002038       0x34 C:\Program Files (x86)\Cypress\PSoC Creator\3.1\PSoC Creator\psoc\content\cycomponentlibrary\CyComponentLibrary.cylib\BLE_v1_20\Library\gccCyBLEStack_BLE_SOC_PERIPHERAL.a(mint_os.o)
                0x00002038                mintos_malloc

i.OS_create_queue
                0x0000206c       0x64
 i.OS_create_queue
                0x0000206c       0x64 C:\Program Files (x86)\Cypress\PSoC Creator\3.1\PSoC Creator\psoc\content\cycomponentlibrary\CyComponentLibrary.cylib\BLE_v1_20\Library\gccCyBLEStack_BLE_SOC_PERIPHERAL.a(mint_os_queue.o)
                0x0000206c                OS_create_queue

i.OS_enqueue_item
                0x000020d0       0x8c
 i.OS_enqueue_item
                0x000020d0       0x8c C:\Program Files (x86)\Cypress\PSoC Creator\3.1\PSoC Creator\psoc\content\cycomponentlibrary\CyComponentLibrary.cylib\BLE_v1_20\Library\gccCyBLEStack_BLE_SOC_PERIPHERAL.a(mint_os_queue.o)
                0x000020d0                OS_enqueue_item

i.OS_queue_get_num_of_items
                0x0000215c       0x28
 i.OS_queue_get_num_of_items
                0x0000215c       0x28 C:\Program Files (x86)\Cypress\PSoC Creator\3.1\PSoC Creator\psoc\content\cycomponentlibrary\CyComponentLibrary.cylib\BLE_v1_20\Library\gccCyBLEStack_BLE_SOC_PERIPHERAL.a(mint_os_queue.o)
                0x0000215c                OS_queue_get_num_of_items

i.OS_queue_mgmt_init
                0x00002184       0x40
 i.OS_queue_mgmt_init
                0x00002184       0x40 C:\Program Files (x86)\Cypress\PSoC Creator\3.1\PSoC Creator\psoc\content\cycomponentlibrary\CyComponentLibrary.cylib\BLE_v1_20\Library\gccCyBLEStack_BLE_SOC_PERIPHERAL.a(mint_os_queue.o)
                0x00002184                OS_queue_mgmt_init

i.OS_remove_item
                0x000021c4       0xa0
 i.OS_remove_item
                0x000021c4       0xa0 C:\Program Files (x86)\Cypress\PSoC Creator\3.1\PSoC Creator\psoc\content\cycomponentlibrary\CyComponentLibrary.cylib\BLE_v1_20\Library\gccCyBLEStack_BLE_SOC_PERIPHERAL.a(mint_os_queue.o)
                0x000021c4                OS_remove_item

i.OS_create_task
                0x00002264       0x88
 i.OS_create_task
                0x00002264       0x88 C:\Program Files (x86)\Cypress\PSoC Creator\3.1\PSoC Creator\psoc\content\cycomponentlibrary\CyComponentLibrary.cylib\BLE_v1_20\Library\gccCyBLEStack_BLE_SOC_PERIPHERAL.a(mint_os_task.o)
                0x00002264                OS_create_task

i.OS_isr_send_signal_to_task
                0x000022ec        0xc
 i.OS_isr_send_signal_to_task
                0x000022ec        0xc C:\Program Files (x86)\Cypress\PSoC Creator\3.1\PSoC Creator\psoc\content\cycomponentlibrary\CyComponentLibrary.cylib\BLE_v1_20\Library\gccCyBLEStack_BLE_SOC_PERIPHERAL.a(mint_os_task.o)
                0x000022ec                OS_isr_send_signal_to_task

i.OS_scheduler  0x000022f8       0x64
 i.OS_scheduler
                0x000022f8       0x64 C:\Program Files (x86)\Cypress\PSoC Creator\3.1\PSoC Creator\psoc\content\cycomponentlibrary\CyComponentLibrary.cylib\BLE_v1_20\Library\gccCyBLEStack_BLE_SOC_PERIPHERAL.a(mint_os_task.o)
                0x000022f8                OS_scheduler

i.OS_send_signal_to_task
                0x0000235c        0xc
 i.OS_send_signal_to_task
                0x0000235c        0xc C:\Program Files (x86)\Cypress\PSoC Creator\3.1\PSoC Creator\psoc\content\cycomponentlibrary\CyComponentLibrary.cylib\BLE_v1_20\Library\gccCyBLEStack_BLE_SOC_PERIPHERAL.a(mint_os_task.o)
                0x0000235c                OS_send_signal_to_task

i.OS_send_signal_to_task_context
                0x00002368       0x3c
 i.OS_send_signal_to_task_context
                0x00002368       0x3c C:\Program Files (x86)\Cypress\PSoC Creator\3.1\PSoC Creator\psoc\content\cycomponentlibrary\CyComponentLibrary.cylib\BLE_v1_20\Library\gccCyBLEStack_BLE_SOC_PERIPHERAL.a(mint_os_task.o)

i.OS_task_mgmt_init
                0x000023a4       0x50
 i.OS_task_mgmt_init
                0x000023a4       0x50 C:\Program Files (x86)\Cypress\PSoC Creator\3.1\PSoC Creator\psoc\content\cycomponentlibrary\CyComponentLibrary.cylib\BLE_v1_20\Library\gccCyBLEStack_BLE_SOC_PERIPHERAL.a(mint_os_task.o)
                0x000023a4                OS_task_mgmt_init

i.mint_buf_mgmt_allocate_buffer
                0x000023f4       0x4c
 i.mint_buf_mgmt_allocate_buffer
                0x000023f4       0x4c C:\Program Files (x86)\Cypress\PSoC Creator\3.1\PSoC Creator\psoc\content\cycomponentlibrary\CyComponentLibrary.cylib\BLE_v1_20\Library\gccCyBLEStack_BLE_SOC_PERIPHERAL.a(mint_buf_mgmt.o)
                0x000023f4                mint_buf_mgmt_allocate_buffer

i.mint_buf_mgmt_create_pool
                0x00002440       0xd8
 i.mint_buf_mgmt_create_pool
                0x00002440       0xd8 C:\Program Files (x86)\Cypress\PSoC Creator\3.1\PSoC Creator\psoc\content\cycomponentlibrary\CyComponentLibrary.cylib\BLE_v1_20\Library\gccCyBLEStack_BLE_SOC_PERIPHERAL.a(mint_buf_mgmt.o)
                0x00002440                mint_buf_mgmt_create_pool

i.mint_buf_mgmt_free_buffer
                0x00002518       0xa4
 i.mint_buf_mgmt_free_buffer
                0x00002518       0xa4 C:\Program Files (x86)\Cypress\PSoC Creator\3.1\PSoC Creator\psoc\content\cycomponentlibrary\CyComponentLibrary.cylib\BLE_v1_20\Library\gccCyBLEStack_BLE_SOC_PERIPHERAL.a(mint_buf_mgmt.o)
                0x00002518                mint_buf_mgmt_free_buffer

i.mint_buf_mgmt_get_free_heap
                0x000025bc       0x1c
 i.mint_buf_mgmt_get_free_heap
                0x000025bc       0x1c C:\Program Files (x86)\Cypress\PSoC Creator\3.1\PSoC Creator\psoc\content\cycomponentlibrary\CyComponentLibrary.cylib\BLE_v1_20\Library\gccCyBLEStack_BLE_SOC_PERIPHERAL.a(mint_buf_mgmt.o)
                0x000025bc                mint_buf_mgmt_get_free_heap

i.mint_buf_mgmt_init
                0x000025d8       0x44
 i.mint_buf_mgmt_init
                0x000025d8       0x44 C:\Program Files (x86)\Cypress\PSoC Creator\3.1\PSoC Creator\psoc\content\cycomponentlibrary\CyComponentLibrary.cylib\BLE_v1_20\Library\gccCyBLEStack_BLE_SOC_PERIPHERAL.a(mint_buf_mgmt.o)
                0x000025d8                mint_buf_mgmt_init

i.mint_buf_mgmt_malloc
                0x0000261c       0x2c
 i.mint_buf_mgmt_malloc
                0x0000261c       0x2c C:\Program Files (x86)\Cypress\PSoC Creator\3.1\PSoC Creator\psoc\content\cycomponentlibrary\CyComponentLibrary.cylib\BLE_v1_20\Library\gccCyBLEStack_BLE_SOC_PERIPHERAL.a(mint_buf_mgmt.o)
                0x0000261c                mint_buf_mgmt_malloc

i.mint_buf_mgmt_reset_pool
                0x00002648       0x70
 i.mint_buf_mgmt_reset_pool
                0x00002648       0x70 C:\Program Files (x86)\Cypress\PSoC Creator\3.1\PSoC Creator\psoc\content\cycomponentlibrary\CyComponentLibrary.cylib\BLE_v1_20\Library\gccCyBLEStack_BLE_SOC_PERIPHERAL.a(mint_buf_mgmt.o)
                0x00002648                mint_buf_mgmt_reset_pool

i.mint_buf_mgmt_stack_init
                0x000026b8       0x24
 i.mint_buf_mgmt_stack_init
                0x000026b8       0x24 C:\Program Files (x86)\Cypress\PSoC Creator\3.1\PSoC Creator\psoc\content\cycomponentlibrary\CyComponentLibrary.cylib\BLE_v1_20\Library\gccCyBLEStack_BLE_SOC_PERIPHERAL.a(mint_buf_mgmt.o)
                0x000026b8                mint_buf_mgmt_stack_init

i.mint_buf_mgmt_stack_pop
                0x000026dc       0x36
 i.mint_buf_mgmt_stack_pop
                0x000026dc       0x36 C:\Program Files (x86)\Cypress\PSoC Creator\3.1\PSoC Creator\psoc\content\cycomponentlibrary\CyComponentLibrary.cylib\BLE_v1_20\Library\gccCyBLEStack_BLE_SOC_PERIPHERAL.a(mint_buf_mgmt.o)
                0x000026dc                mint_buf_mgmt_stack_pop

i.mint_buf_mgmt_stack_push
                0x00002712       0x36
 i.mint_buf_mgmt_stack_push
                0x00002712       0x36 C:\Program Files (x86)\Cypress\PSoC Creator\3.1\PSoC Creator\psoc\content\cycomponentlibrary\CyComponentLibrary.cylib\BLE_v1_20\Library\gccCyBLEStack_BLE_SOC_PERIPHERAL.a(mint_buf_mgmt.o)
                0x00002712                mint_buf_mgmt_stack_push

i.mint_buf_mgmt_stack_reset
                0x00002748       0x1e
 i.mint_buf_mgmt_stack_reset
                0x00002748       0x1e C:\Program Files (x86)\Cypress\PSoC Creator\3.1\PSoC Creator\psoc\content\cycomponentlibrary\CyComponentLibrary.cylib\BLE_v1_20\Library\gccCyBLEStack_BLE_SOC_PERIPHERAL.a(mint_buf_mgmt.o)
                0x00002748                mint_buf_mgmt_stack_reset

i.mint_buf_mgmt_stack_search_item
                0x00002766       0x30
 i.mint_buf_mgmt_stack_search_item
                0x00002766       0x30 C:\Program Files (x86)\Cypress\PSoC Creator\3.1\PSoC Creator\psoc\content\cycomponentlibrary\CyComponentLibrary.cylib\BLE_v1_20\Library\gccCyBLEStack_BLE_SOC_PERIPHERAL.a(mint_buf_mgmt.o)
                0x00002766                mint_buf_mgmt_stack_search_item

i.mint_buf_mgmt_pl_init
                0x00002798       0x2c
 i.mint_buf_mgmt_pl_init
                0x00002798       0x2c C:\Program Files (x86)\Cypress\PSoC Creator\3.1\PSoC Creator\psoc\content\cycomponentlibrary\CyComponentLibrary.cylib\BLE_v1_20\Library\gccCyBLEStack_BLE_SOC_PERIPHERAL.a(mint_buf_mgmt_pl.o)
                0x00002798                mint_buf_mgmt_pl_init

i.CyBleControllerIP_GetPingState
                0x000027c4        0xc
 i.CyBleControllerIP_GetPingState
                0x000027c4        0xc C:\Program Files (x86)\Cypress\PSoC Creator\3.1\PSoC Creator\psoc\content\cycomponentlibrary\CyComponentLibrary.cylib\BLE_v1_20\Library\gccCyBLEStack_BLE_SOC_PERIPHERAL.a(CyBleControllerIP_Interface.o)
                0x000027c4                CyBleControllerIP_GetPingState

i.CyBleController_AddDeviceToWhiteList
                0x000027d0       0x40
 i.CyBleController_AddDeviceToWhiteList
                0x000027d0       0x40 C:\Program Files (x86)\Cypress\PSoC Creator\3.1\PSoC Creator\psoc\content\cycomponentlibrary\CyComponentLibrary.cylib\BLE_v1_20\Library\gccCyBLEStack_BLE_SOC_PERIPHERAL.a(CyBleControllerIP_Interface.o)
                0x000027d0                CyBleController_AddDeviceToWhiteList

i.CyBleController_ExitLowPowerMode
                0x00002810       0x10
 i.CyBleController_ExitLowPowerMode
                0x00002810       0x10 C:\Program Files (x86)\Cypress\PSoC Creator\3.1\PSoC Creator\psoc\content\cycomponentlibrary\CyComponentLibrary.cylib\BLE_v1_20\Library\gccCyBLEStack_BLE_SOC_PERIPHERAL.a(CyBleControllerIP_Interface.o)
                0x00002810                CyBleController_ExitLowPowerMode

i.CyBleController_Init
                0x00002820       0x3c
 i.CyBleController_Init
                0x00002820       0x3c C:\Program Files (x86)\Cypress\PSoC Creator\3.1\PSoC Creator\psoc\content\cycomponentlibrary\CyComponentLibrary.cylib\BLE_v1_20\Library\gccCyBLEStack_BLE_SOC_PERIPHERAL.a(CyBleControllerIP_Interface.o)
                0x00002820                CyBleController_Init

i.CyBleController_SetDeviceAddress
                0x0000285c       0x2e
 i.CyBleController_SetDeviceAddress
                0x0000285c       0x2e C:\Program Files (x86)\Cypress\PSoC Creator\3.1\PSoC Creator\psoc\content\cycomponentlibrary\CyComponentLibrary.cylib\BLE_v1_20\Library\gccCyBLEStack_BLE_SOC_PERIPHERAL.a(CyBleControllerIP_Interface.o)
                0x0000285c                CyBleController_SetDeviceAddress

i.CyBle_GetTxPowerLevel
                0x0000288a       0x4e
 i.CyBle_GetTxPowerLevel
                0x0000288a       0x4e C:\Program Files (x86)\Cypress\PSoC Creator\3.1\PSoC Creator\psoc\content\cycomponentlibrary\CyComponentLibrary.cylib\BLE_v1_20\Library\gccCyBLEStack_BLE_SOC_PERIPHERAL.a(CyBleControllerIP_Interface.o)
                0x0000288a                CyBle_GetTxPowerLevel

i.CyBle_SetTxPowerLevel
                0x000028d8       0x56
 i.CyBle_SetTxPowerLevel
                0x000028d8       0x56 C:\Program Files (x86)\Cypress\PSoC Creator\3.1\PSoC Creator\psoc\content\cycomponentlibrary\CyComponentLibrary.cylib\BLE_v1_20\Library\gccCyBLEStack_BLE_SOC_PERIPHERAL.a(CyBleControllerIP_Interface.o)
                0x000028d8                CyBle_SetTxPowerLevel

i.ll_check_and_mark_packet_ready_for_transmission
                0x00002930       0x28
 i.ll_check_and_mark_packet_ready_for_transmission
                0x00002930       0x28 C:\Program Files (x86)\Cypress\PSoC Creator\3.1\PSoC Creator\psoc\content\cycomponentlibrary\CyComponentLibrary.cylib\BLE_v1_20\Library\gccCyBLEStack_BLE_SOC_PERIPHERAL.a(ll.o)
                0x00002930                ll_check_and_mark_packet_ready_for_transmission

i.ll_cleanup_pending_data_pdu
                0x00002958       0x38
 i.ll_cleanup_pending_data_pdu
                0x00002958       0x38 C:\Program Files (x86)\Cypress\PSoC Creator\3.1\PSoC Creator\psoc\content\cycomponentlibrary\CyComponentLibrary.cylib\BLE_v1_20\Library\gccCyBLEStack_BLE_SOC_PERIPHERAL.a(ll.o)
                0x00002958                ll_cleanup_pending_data_pdu

i.ll_exit_low_power_mode
                0x00002990       0xac
 i.ll_exit_low_power_mode
                0x00002990       0xac C:\Program Files (x86)\Cypress\PSoC Creator\3.1\PSoC Creator\psoc\content\cycomponentlibrary\CyComponentLibrary.cylib\BLE_v1_20\Library\gccCyBLEStack_BLE_SOC_PERIPHERAL.a(ll.o)
                0x00002990                ll_exit_low_power_mode

i.ll_get_ack_status
                0x00002a3c       0x3c
 i.ll_get_ack_status
                0x00002a3c       0x3c C:\Program Files (x86)\Cypress\PSoC Creator\3.1\PSoC Creator\psoc\content\cycomponentlibrary\CyComponentLibrary.cylib\BLE_v1_20\Library\gccCyBLEStack_BLE_SOC_PERIPHERAL.a(ll.o)
                0x00002a3c                ll_get_ack_status

i.ll_get_adv_ch_tx_power
                0x00002a78       0x20
 i.ll_get_adv_ch_tx_power
                0x00002a78       0x20 C:\Program Files (x86)\Cypress\PSoC Creator\3.1\PSoC Creator\psoc\content\cycomponentlibrary\CyComponentLibrary.cylib\BLE_v1_20\Library\gccCyBLEStack_BLE_SOC_PERIPHERAL.a(ll.o)
                0x00002a78                ll_get_adv_ch_tx_power

i.ll_get_data_channel_map
                0x00002a98       0x24
 i.ll_get_data_channel_map
                0x00002a98       0x24 C:\Program Files (x86)\Cypress\PSoC Creator\3.1\PSoC Creator\psoc\content\cycomponentlibrary\CyComponentLibrary.cylib\BLE_v1_20\Library\gccCyBLEStack_BLE_SOC_PERIPHERAL.a(ll.o)
                0x00002a98                ll_get_data_channel_map

i.ll_get_max_white_list_size
                0x00002abc        0xc
 i.ll_get_max_white_list_size
                0x00002abc        0xc C:\Program Files (x86)\Cypress\PSoC Creator\3.1\PSoC Creator\psoc\content\cycomponentlibrary\CyComponentLibrary.cylib\BLE_v1_20\Library\gccCyBLEStack_BLE_SOC_PERIPHERAL.a(ll.o)
                0x00002abc                ll_get_max_white_list_size

i.ll_get_my_role
                0x00002ac8        0xc
 i.ll_get_my_role
                0x00002ac8        0xc C:\Program Files (x86)\Cypress\PSoC Creator\3.1\PSoC Creator\psoc\content\cycomponentlibrary\CyComponentLibrary.cylib\BLE_v1_20\Library\gccCyBLEStack_BLE_SOC_PERIPHERAL.a(ll.o)
                0x00002ac8                ll_get_my_role

i.ll_get_next_available_fifo_for_data_pdu
                0x00002ad4        0x8
 i.ll_get_next_available_fifo_for_data_pdu
                0x00002ad4        0x8 C:\Program Files (x86)\Cypress\PSoC Creator\3.1\PSoC Creator\psoc\content\cycomponentlibrary\CyComponentLibrary.cylib\BLE_v1_20\Library\gccCyBLEStack_BLE_SOC_PERIPHERAL.a(ll.o)
                0x00002ad4                ll_get_next_available_fifo_for_data_pdu

i.ll_get_next_available_fifo_for_ll_pdu
                0x00002adc       0x24
 i.ll_get_next_available_fifo_for_ll_pdu
                0x00002adc       0x24 C:\Program Files (x86)\Cypress\PSoC Creator\3.1\PSoC Creator\psoc\content\cycomponentlibrary\CyComponentLibrary.cylib\BLE_v1_20\Library\gccCyBLEStack_BLE_SOC_PERIPHERAL.a(ll.o)
                0x00002adc                ll_get_next_available_fifo_for_ll_pdu

i.ll_get_rssi_value
                0x00002b00       0x26
 i.ll_get_rssi_value
                0x00002b00       0x26 C:\Program Files (x86)\Cypress\PSoC Creator\3.1\PSoC Creator\psoc\content\cycomponentlibrary\CyComponentLibrary.cylib\BLE_v1_20\Library\gccCyBLEStack_BLE_SOC_PERIPHERAL.a(ll.o)
                0x00002b00                ll_get_rssi_value

i.ll_get_transmit_power_level
                0x00002b28       0x2c
 i.ll_get_transmit_power_level
                0x00002b28       0x2c C:\Program Files (x86)\Cypress\PSoC Creator\3.1\PSoC Creator\psoc\content\cycomponentlibrary\CyComponentLibrary.cylib\BLE_v1_20\Library\gccCyBLEStack_BLE_SOC_PERIPHERAL.a(ll.o)
                0x00002b28                ll_get_transmit_power_level

i.ll_handle_ack_received
                0x00002b54       0x74
 i.ll_handle_ack_received
                0x00002b54       0x74 C:\Program Files (x86)\Cypress\PSoC Creator\3.1\PSoC Creator\psoc\content\cycomponentlibrary\CyComponentLibrary.cylib\BLE_v1_20\Library\gccCyBLEStack_BLE_SOC_PERIPHERAL.a(ll.o)
                0x00002b54                ll_handle_ack_received

i.ll_handle_add_device_in_whitelist
                0x00002bc8       0x3a
 i.ll_handle_add_device_in_whitelist
                0x00002bc8       0x3a C:\Program Files (x86)\Cypress\PSoC Creator\3.1\PSoC Creator\psoc\content\cycomponentlibrary\CyComponentLibrary.cylib\BLE_v1_20\Library\gccCyBLEStack_BLE_SOC_PERIPHERAL.a(ll.o)
                0x00002bc8                ll_handle_add_device_in_whitelist

i.ll_handle_clear_whitelist
                0x00002c02       0x16
 i.ll_handle_clear_whitelist
                0x00002c02       0x16 C:\Program Files (x86)\Cypress\PSoC Creator\3.1\PSoC Creator\psoc\content\cycomponentlibrary\CyComponentLibrary.cylib\BLE_v1_20\Library\gccCyBLEStack_BLE_SOC_PERIPHERAL.a(ll.o)
                0x00002c02                ll_handle_clear_whitelist

i.ll_handle_encrypt_host_data
                0x00002c18       0x36
 i.ll_handle_encrypt_host_data
                0x00002c18       0x36 C:\Program Files (x86)\Cypress\PSoC Creator\3.1\PSoC Creator\psoc\content\cycomponentlibrary\CyComponentLibrary.cylib\BLE_v1_20\Library\gccCyBLEStack_BLE_SOC_PERIPHERAL.a(ll.o)
                0x00002c18                ll_handle_encrypt_host_data

i.ll_handle_host_data_packet
                0x00002c4e       0x54
 i.ll_handle_host_data_packet
                0x00002c4e       0x54 C:\Program Files (x86)\Cypress\PSoC Creator\3.1\PSoC Creator\psoc\content\cycomponentlibrary\CyComponentLibrary.cylib\BLE_v1_20\Library\gccCyBLEStack_BLE_SOC_PERIPHERAL.a(ll.o)
                0x00002c4e                ll_handle_host_data_packet

i.ll_handle_read_host_channel_map
                0x00002ca2        0x4
 i.ll_handle_read_host_channel_map
                0x00002ca2        0x4 C:\Program Files (x86)\Cypress\PSoC Creator\3.1\PSoC Creator\psoc\content\cycomponentlibrary\CyComponentLibrary.cylib\BLE_v1_20\Library\gccCyBLEStack_BLE_SOC_PERIPHERAL.a(ll.o)
                0x00002ca2                ll_handle_read_host_channel_map

i.ll_handle_remove_device_in_whitelist
                0x00002ca6       0x2a
 i.ll_handle_remove_device_in_whitelist
                0x00002ca6       0x2a C:\Program Files (x86)\Cypress\PSoC Creator\3.1\PSoC Creator\psoc\content\cycomponentlibrary\CyComponentLibrary.cylib\BLE_v1_20\Library\gccCyBLEStack_BLE_SOC_PERIPHERAL.a(ll.o)
                0x00002ca6                ll_handle_remove_device_in_whitelist

i.ll_handle_reset
                0x00002cd0        0xe
 i.ll_handle_reset
                0x00002cd0        0xe C:\Program Files (x86)\Cypress\PSoC Creator\3.1\PSoC Creator\psoc\content\cycomponentlibrary\CyComponentLibrary.cylib\BLE_v1_20\Library\gccCyBLEStack_BLE_SOC_PERIPHERAL.a(ll.o)
                0x00002cd0                ll_handle_reset

i.ll_handle_set_random_address
                0x00002cde       0x36
 i.ll_handle_set_random_address
                0x00002cde       0x36 C:\Program Files (x86)\Cypress\PSoC Creator\3.1\PSoC Creator\psoc\content\cycomponentlibrary\CyComponentLibrary.cylib\BLE_v1_20\Library\gccCyBLEStack_BLE_SOC_PERIPHERAL.a(ll.o)
                0x00002cde                ll_handle_set_random_address

i.ll_init       0x00002d14       0x18
 i.ll_init      0x00002d14       0x18 C:\Program Files (x86)\Cypress\PSoC Creator\3.1\PSoC Creator\psoc\content\cycomponentlibrary\CyComponentLibrary.cylib\BLE_v1_20\Library\gccCyBLEStack_BLE_SOC_PERIPHERAL.a(ll.o)
                0x00002d14                ll_init

i.ll_initialize_device_attributes
                0x00002d2c       0x4c
 i.ll_initialize_device_attributes
                0x00002d2c       0x4c C:\Program Files (x86)\Cypress\PSoC Creator\3.1\PSoC Creator\psoc\content\cycomponentlibrary\CyComponentLibrary.cylib\BLE_v1_20\Library\gccCyBLEStack_BLE_SOC_PERIPHERAL.a(ll.o)
                0x00002d2c                ll_initialize_device_attributes

i.ll_is_pkt_pending
                0x00002d78       0x2a
 i.ll_is_pkt_pending
                0x00002d78       0x2a C:\Program Files (x86)\Cypress\PSoC Creator\3.1\PSoC Creator\psoc\content\cycomponentlibrary\CyComponentLibrary.cylib\BLE_v1_20\Library\gccCyBLEStack_BLE_SOC_PERIPHERAL.a(ll.o)
                0x00002d78                ll_is_pkt_pending

i.ll_is_sent_pkt_pending
                0x00002da2       0x1a
 i.ll_is_sent_pkt_pending
                0x00002da2       0x1a C:\Program Files (x86)\Cypress\PSoC Creator\3.1\PSoC Creator\psoc\content\cycomponentlibrary\CyComponentLibrary.cylib\BLE_v1_20\Library\gccCyBLEStack_BLE_SOC_PERIPHERAL.a(ll.o)
                0x00002da2                ll_is_sent_pkt_pending

i.ll_isr_exit_low_power_mode
                0x00002dbc       0x16
 i.ll_isr_exit_low_power_mode
                0x00002dbc       0x16 C:\Program Files (x86)\Cypress\PSoC Creator\3.1\PSoC Creator\psoc\content\cycomponentlibrary\CyComponentLibrary.cylib\BLE_v1_20\Library\gccCyBLEStack_BLE_SOC_PERIPHERAL.a(ll.o)
                0x00002dbc                ll_isr_exit_low_power_mode

i.ll_load_host_data_packet
                0x00002dd2       0x4a
 i.ll_load_host_data_packet
                0x00002dd2       0x4a C:\Program Files (x86)\Cypress\PSoC Creator\3.1\PSoC Creator\psoc\content\cycomponentlibrary\CyComponentLibrary.cylib\BLE_v1_20\Library\gccCyBLEStack_BLE_SOC_PERIPHERAL.a(ll.o)
                0x00002dd2                ll_load_host_data_packet

i.ll_load_packet_to_fifo
                0x00002e1c       0x6e
 i.ll_load_packet_to_fifo
                0x00002e1c       0x6e C:\Program Files (x86)\Cypress\PSoC Creator\3.1\PSoC Creator\psoc\content\cycomponentlibrary\CyComponentLibrary.cylib\BLE_v1_20\Library\gccCyBLEStack_BLE_SOC_PERIPHERAL.a(ll.o)
                0x00002e1c                ll_load_packet_to_fifo

i.ll_process_acks
                0x00002e8a       0x3c
 i.ll_process_acks
                0x00002e8a       0x3c C:\Program Files (x86)\Cypress\PSoC Creator\3.1\PSoC Creator\psoc\content\cycomponentlibrary\CyComponentLibrary.cylib\BLE_v1_20\Library\gccCyBLEStack_BLE_SOC_PERIPHERAL.a(ll.o)
                0x00002e8a                ll_process_acks

i.ll_reset      0x00002ec6       0x12
 i.ll_reset     0x00002ec6       0x12 C:\Program Files (x86)\Cypress\PSoC Creator\3.1\PSoC Creator\psoc\content\cycomponentlibrary\CyComponentLibrary.cylib\BLE_v1_20\Library\gccCyBLEStack_BLE_SOC_PERIPHERAL.a(ll.o)
                0x00002ec6                ll_reset

i.ll_update_active_features
                0x00002ed8       0x58
 i.ll_update_active_features
                0x00002ed8       0x58 C:\Program Files (x86)\Cypress\PSoC Creator\3.1\PSoC Creator\psoc\content\cycomponentlibrary\CyComponentLibrary.cylib\BLE_v1_20\Library\gccCyBLEStack_BLE_SOC_PERIPHERAL.a(ll.o)
                0x00002ed8                ll_update_active_features

i.ll_update_device_fsm
                0x00002f30        0x8
 i.ll_update_device_fsm
                0x00002f30        0x8 C:\Program Files (x86)\Cypress\PSoC Creator\3.1\PSoC Creator\psoc\content\cycomponentlibrary\CyComponentLibrary.cylib\BLE_v1_20\Library\gccCyBLEStack_BLE_SOC_PERIPHERAL.a(ll.o)
                0x00002f30                ll_update_device_fsm

i.pf_le_start_timer
                0x00002f38       0x16
 i.pf_le_start_timer
                0x00002f38       0x16 C:\Program Files (x86)\Cypress\PSoC Creator\3.1\PSoC Creator\psoc\content\cycomponentlibrary\CyComponentLibrary.cylib\BLE_v1_20\Library\gccCyBLEStack_BLE_SOC_PERIPHERAL.a(ll.o)
                0x00002f38                pf_le_start_timer

i.pf_le_stop_timer
                0x00002f4e       0x12
 i.pf_le_stop_timer
                0x00002f4e       0x12 C:\Program Files (x86)\Cypress\PSoC Creator\3.1\PSoC Creator\psoc\content\cycomponentlibrary\CyComponentLibrary.cylib\BLE_v1_20\Library\gccCyBLEStack_BLE_SOC_PERIPHERAL.a(ll.o)
                0x00002f4e                pf_le_stop_timer

i.CyBleControllerIP_TuneAdvEventInterPktSlots
                0x00002f60       0x44
 i.CyBleControllerIP_TuneAdvEventInterPktSlots
                0x00002f60       0x44 C:\Program Files (x86)\Cypress\PSoC Creator\3.1\PSoC Creator\psoc\content\cycomponentlibrary\CyComponentLibrary.cylib\BLE_v1_20\Library\gccCyBLEStack_BLE_SOC_PERIPHERAL.a(ll_advertiser.o)
                0x00002f60                CyBleControllerIP_TuneAdvEventInterPktSlots

i.ll_adv_is_configured_connection_adv
                0x00002fa4       0x1e
 i.ll_adv_is_configured_connection_adv
                0x00002fa4       0x1e C:\Program Files (x86)\Cypress\PSoC Creator\3.1\PSoC Creator\psoc\content\cycomponentlibrary\CyComponentLibrary.cylib\BLE_v1_20\Library\gccCyBLEStack_BLE_SOC_PERIPHERAL.a(ll_advertiser.o)
                0x00002fa4                ll_adv_is_configured_connection_adv

i.ll_check_random_address_in_use_by_advertiser
                0x00002fc2       0x10
 i.ll_check_random_address_in_use_by_advertiser
                0x00002fc2       0x10 C:\Program Files (x86)\Cypress\PSoC Creator\3.1\PSoC Creator\psoc\content\cycomponentlibrary\CyComponentLibrary.cylib\BLE_v1_20\Library\gccCyBLEStack_BLE_SOC_PERIPHERAL.a(ll_advertiser.o)
                0x00002fc2                ll_check_random_address_in_use_by_advertiser

i.ll_check_whitelist_in_use_by_advertiser
                0x00002fd2       0x10
 i.ll_check_whitelist_in_use_by_advertiser
                0x00002fd2       0x10 C:\Program Files (x86)\Cypress\PSoC Creator\3.1\PSoC Creator\psoc\content\cycomponentlibrary\CyComponentLibrary.cylib\BLE_v1_20\Library\gccCyBLEStack_BLE_SOC_PERIPHERAL.a(ll_advertiser.o)
                0x00002fd2                ll_check_whitelist_in_use_by_advertiser

i.ll_get_adv_status
                0x00002fe2        0xc
 i.ll_get_adv_status
                0x00002fe2        0xc C:\Program Files (x86)\Cypress\PSoC Creator\3.1\PSoC Creator\psoc\content\cycomponentlibrary\CyComponentLibrary.cylib\BLE_v1_20\Library\gccCyBLEStack_BLE_SOC_PERIPHERAL.a(ll_advertiser.o)
                0x00002fe2                ll_get_adv_status

i.ll_get_adv_type
                0x00002fee       0x16
 i.ll_get_adv_type
                0x00002fee       0x16 C:\Program Files (x86)\Cypress\PSoC Creator\3.1\PSoC Creator\psoc\content\cycomponentlibrary\CyComponentLibrary.cylib\BLE_v1_20\Library\gccCyBLEStack_BLE_SOC_PERIPHERAL.a(ll_advertiser.o)
                0x00002fee                ll_get_adv_type

i.ll_handle_adv_intr
                0x00003004       0x50
 i.ll_handle_adv_intr
                0x00003004       0x50 C:\Program Files (x86)\Cypress\PSoC Creator\3.1\PSoC Creator\psoc\content\cycomponentlibrary\CyComponentLibrary.cylib\BLE_v1_20\Library\gccCyBLEStack_BLE_SOC_PERIPHERAL.a(ll_advertiser.o)
                0x00003004                ll_handle_adv_intr

i.ll_handle_set_adv_data
                0x00003054       0x14
 i.ll_handle_set_adv_data
                0x00003054       0x14 C:\Program Files (x86)\Cypress\PSoC Creator\3.1\PSoC Creator\psoc\content\cycomponentlibrary\CyComponentLibrary.cylib\BLE_v1_20\Library\gccCyBLEStack_BLE_SOC_PERIPHERAL.a(ll_advertiser.o)
                0x00003054                ll_handle_set_adv_data

i.ll_handle_set_adv_parameters
                0x00003068       0x84
 i.ll_handle_set_adv_parameters
                0x00003068       0x84 C:\Program Files (x86)\Cypress\PSoC Creator\3.1\PSoC Creator\psoc\content\cycomponentlibrary\CyComponentLibrary.cylib\BLE_v1_20\Library\gccCyBLEStack_BLE_SOC_PERIPHERAL.a(ll_advertiser.o)
                0x00003068                ll_handle_set_adv_parameters

i.ll_handle_set_advertise_enable
                0x000030ec       0x70
 i.ll_handle_set_advertise_enable
                0x000030ec       0x70 C:\Program Files (x86)\Cypress\PSoC Creator\3.1\PSoC Creator\psoc\content\cycomponentlibrary\CyComponentLibrary.cylib\BLE_v1_20\Library\gccCyBLEStack_BLE_SOC_PERIPHERAL.a(ll_advertiser.o)
                0x000030ec                ll_handle_set_advertise_enable

i.ll_handle_set_scan_resp_data
                0x0000315c       0x14
 i.ll_handle_set_scan_resp_data
                0x0000315c       0x14 C:\Program Files (x86)\Cypress\PSoC Creator\3.1\PSoC Creator\psoc\content\cycomponentlibrary\CyComponentLibrary.cylib\BLE_v1_20\Library\gccCyBLEStack_BLE_SOC_PERIPHERAL.a(ll_advertiser.o)
                0x0000315c                ll_handle_set_scan_resp_data

i.ll_init_advertiser
                0x00003170       0x68
 i.ll_init_advertiser
                0x00003170       0x68 C:\Program Files (x86)\Cypress\PSoC Creator\3.1\PSoC Creator\psoc\content\cycomponentlibrary\CyComponentLibrary.cylib\BLE_v1_20\Library\gccCyBLEStack_BLE_SOC_PERIPHERAL.a(ll_advertiser.o)
                0x00003170                ll_init_advertiser

i.is_le_connection_handle
                0x000031d8       0x28
 i.is_le_connection_handle
                0x000031d8       0x28 C:\Program Files (x86)\Cypress\PSoC Creator\3.1\PSoC Creator\psoc\content\cycomponentlibrary\CyComponentLibrary.cylib\BLE_v1_20\Library\gccCyBLEStack_BLE_SOC_PERIPHERAL.a(ll_connection.o)
                0x000031d8                is_le_connection_handle

i.le_assign_connection_handle
                0x00003200       0x28
 i.le_assign_connection_handle
                0x00003200       0x28 C:\Program Files (x86)\Cypress\PSoC Creator\3.1\PSoC Creator\psoc\content\cycomponentlibrary\CyComponentLibrary.cylib\BLE_v1_20\Library\gccCyBLEStack_BLE_SOC_PERIPHERAL.a(ll_connection.o)
                0x00003200                le_assign_connection_handle

i.le_get_connection_index
                0x00003228        0x6
 i.le_get_connection_index
                0x00003228        0x6 C:\Program Files (x86)\Cypress\PSoC Creator\3.1\PSoC Creator\psoc\content\cycomponentlibrary\CyComponentLibrary.cylib\BLE_v1_20\Library\gccCyBLEStack_BLE_SOC_PERIPHERAL.a(ll_connection.o)
                0x00003228                le_get_connection_index

i.ll_allocate_connection
                0x00003230       0x44
 i.ll_allocate_connection
                0x00003230       0x44 C:\Program Files (x86)\Cypress\PSoC Creator\3.1\PSoC Creator\psoc\content\cycomponentlibrary\CyComponentLibrary.cylib\BLE_v1_20\Library\gccCyBLEStack_BLE_SOC_PERIPHERAL.a(ll_connection.o)
                0x00003230                ll_allocate_connection

i.ll_calculate_and_program_def_win_widen_drift
                0x00003274       0x14
 i.ll_calculate_and_program_def_win_widen_drift
                0x00003274       0x14 C:\Program Files (x86)\Cypress\PSoC Creator\3.1\PSoC Creator\psoc\content\cycomponentlibrary\CyComponentLibrary.cylib\BLE_v1_20\Library\gccCyBLEStack_BLE_SOC_PERIPHERAL.a(ll_connection.o)
                0x00003274                ll_calculate_and_program_def_win_widen_drift

i.ll_calculate_drift
                0x00003288       0x2c
 i.ll_calculate_drift
                0x00003288       0x2c C:\Program Files (x86)\Cypress\PSoC Creator\3.1\PSoC Creator\psoc\content\cycomponentlibrary\CyComponentLibrary.cylib\BLE_v1_20\Library\gccCyBLEStack_BLE_SOC_PERIPHERAL.a(ll_connection.o)
                0x00003288                ll_calculate_drift

i.ll_check_and_decrypt_ll_pdu
                0x000032b4       0x68
 i.ll_check_and_decrypt_ll_pdu
                0x000032b4       0x68 C:\Program Files (x86)\Cypress\PSoC Creator\3.1\PSoC Creator\psoc\content\cycomponentlibrary\CyComponentLibrary.cylib\BLE_v1_20\Library\gccCyBLEStack_BLE_SOC_PERIPHERAL.a(ll_connection.o)
                0x000032b4                ll_check_and_decrypt_ll_pdu

i.ll_check_and_decrypt_packet
                0x0000331c       0x6a
 i.ll_check_and_decrypt_packet
                0x0000331c       0x6a C:\Program Files (x86)\Cypress\PSoC Creator\3.1\PSoC Creator\psoc\content\cycomponentlibrary\CyComponentLibrary.cylib\BLE_v1_20\Library\gccCyBLEStack_BLE_SOC_PERIPHERAL.a(ll_connection.o)
                0x0000331c                ll_check_and_decrypt_packet

i.ll_check_and_encrypt_ll_pdu
                0x00003386       0x72
 i.ll_check_and_encrypt_ll_pdu
                0x00003386       0x72 C:\Program Files (x86)\Cypress\PSoC Creator\3.1\PSoC Creator\psoc\content\cycomponentlibrary\CyComponentLibrary.cylib\BLE_v1_20\Library\gccCyBLEStack_BLE_SOC_PERIPHERAL.a(ll_connection.o)
                0x00003386                ll_check_and_encrypt_ll_pdu

i.ll_check_and_encrypt_packet
                0x000033f8       0x8a
 i.ll_check_and_encrypt_packet
                0x000033f8       0x8a C:\Program Files (x86)\Cypress\PSoC Creator\3.1\PSoC Creator\psoc\content\cycomponentlibrary\CyComponentLibrary.cylib\BLE_v1_20\Library\gccCyBLEStack_BLE_SOC_PERIPHERAL.a(ll_connection.o)
                0x000033f8                ll_check_and_encrypt_packet

i.ll_check_for_allowing_incoming_connection_update
                0x00003482       0x42
 i.ll_check_for_allowing_incoming_connection_update
                0x00003482       0x42 C:\Program Files (x86)\Cypress\PSoC Creator\3.1\PSoC Creator\psoc\content\cycomponentlibrary\CyComponentLibrary.cylib\BLE_v1_20\Library\gccCyBLEStack_BLE_SOC_PERIPHERAL.a(ll_connection.o)
                0x00003482                ll_check_for_allowing_incoming_connection_update

i.ll_check_if_pdu_is_loaded_to_hardware
                0x000034c4       0x1c
 i.ll_check_if_pdu_is_loaded_to_hardware
                0x000034c4       0x1c C:\Program Files (x86)\Cypress\PSoC Creator\3.1\PSoC Creator\psoc\content\cycomponentlibrary\CyComponentLibrary.cylib\BLE_v1_20\Library\gccCyBLEStack_BLE_SOC_PERIPHERAL.a(ll_connection.o)
                0x000034c4                ll_check_if_pdu_is_loaded_to_hardware

i.ll_check_random_address_in_use_by_initiator
                0x000034e0       0x30
 i.ll_check_random_address_in_use_by_initiator
                0x000034e0       0x30 C:\Program Files (x86)\Cypress\PSoC Creator\3.1\PSoC Creator\psoc\content\cycomponentlibrary\CyComponentLibrary.cylib\BLE_v1_20\Library\gccCyBLEStack_BLE_SOC_PERIPHERAL.a(ll_connection.o)
                0x000034e0                ll_check_random_address_in_use_by_initiator

i.ll_check_white_list_in_use_by_initiator
                0x00003510       0x30
 i.ll_check_white_list_in_use_by_initiator
                0x00003510       0x30 C:\Program Files (x86)\Cypress\PSoC Creator\3.1\PSoC Creator\psoc\content\cycomponentlibrary\CyComponentLibrary.cylib\BLE_v1_20\Library\gccCyBLEStack_BLE_SOC_PERIPHERAL.a(ll_connection.o)
                0x00003510                ll_check_white_list_in_use_by_initiator

i.ll_conn_free_enc_txn_buffer
                0x00003540       0x16
 i.ll_conn_free_enc_txn_buffer
                0x00003540       0x16 C:\Program Files (x86)\Cypress\PSoC Creator\3.1\PSoC Creator\psoc\content\cycomponentlibrary\CyComponentLibrary.cylib\BLE_v1_20\Library\gccCyBLEStack_BLE_SOC_PERIPHERAL.a(ll_connection.o)
                0x00003540                ll_conn_free_enc_txn_buffer

i.ll_conn_fsm_update_channel_state
                0x00003556        0x6
 i.ll_conn_fsm_update_channel_state
                0x00003556        0x6 C:\Program Files (x86)\Cypress\PSoC Creator\3.1\PSoC Creator\psoc\content\cycomponentlibrary\CyComponentLibrary.cylib\BLE_v1_20\Library\gccCyBLEStack_BLE_SOC_PERIPHERAL.a(ll_connection.o)
                0x00003556                ll_conn_fsm_update_channel_state

i.ll_conn_fsm_update_conn_update_state
                0x0000355c        0x6
 i.ll_conn_fsm_update_conn_update_state
                0x0000355c        0x6 C:\Program Files (x86)\Cypress\PSoC Creator\3.1\PSoC Creator\psoc\content\cycomponentlibrary\CyComponentLibrary.cylib\BLE_v1_20\Library\gccCyBLEStack_BLE_SOC_PERIPHERAL.a(ll_connection.o)
                0x0000355c                ll_conn_fsm_update_conn_update_state

i.ll_conn_fsm_update_enc_state
                0x00003562        0x6
 i.ll_conn_fsm_update_enc_state
                0x00003562        0x6 C:\Program Files (x86)\Cypress\PSoC Creator\3.1\PSoC Creator\psoc\content\cycomponentlibrary\CyComponentLibrary.cylib\BLE_v1_20\Library\gccCyBLEStack_BLE_SOC_PERIPHERAL.a(ll_connection.o)
                0x00003562                ll_conn_fsm_update_enc_state

i.ll_conn_fsm_update_state
                0x00003568        0x4
 i.ll_conn_fsm_update_state
                0x00003568        0x4 C:\Program Files (x86)\Cypress\PSoC Creator\3.1\PSoC Creator\psoc\content\cycomponentlibrary\CyComponentLibrary.cylib\BLE_v1_20\Library\gccCyBLEStack_BLE_SOC_PERIPHERAL.a(ll_connection.o)
                0x00003568                ll_conn_fsm_update_state

i.ll_conn_handle_data_pdu_from_host_when_data_paused
                0x0000356c        0x8
 i.ll_conn_handle_data_pdu_from_host_when_data_paused
                0x0000356c        0x8 C:\Program Files (x86)\Cypress\PSoC Creator\3.1\PSoC Creator\psoc\content\cycomponentlibrary\CyComponentLibrary.cylib\BLE_v1_20\Library\gccCyBLEStack_BLE_SOC_PERIPHERAL.a(ll_connection.o)
                0x0000356c                ll_conn_handle_data_pdu_from_host_when_data_paused

i.ll_conn_handle_direct_adv_timeout
                0x00003574       0x2a
 i.ll_conn_handle_direct_adv_timeout
                0x00003574       0x2a C:\Program Files (x86)\Cypress\PSoC Creator\3.1\PSoC Creator\psoc\content\cycomponentlibrary\CyComponentLibrary.cylib\BLE_v1_20\Library\gccCyBLEStack_BLE_SOC_PERIPHERAL.a(ll_connection.o)
                0x00003574                ll_conn_handle_direct_adv_timeout

i.ll_conn_handle_ping_timer_expired_interrupt
                0x000035a0       0x1c
 i.ll_conn_handle_ping_timer_expired_interrupt
                0x000035a0       0x1c C:\Program Files (x86)\Cypress\PSoC Creator\3.1\PSoC Creator\psoc\content\cycomponentlibrary\CyComponentLibrary.cylib\BLE_v1_20\Library\gccCyBLEStack_BLE_SOC_PERIPHERAL.a(ll_connection.o)
                0x000035a0                ll_conn_handle_ping_timer_expired_interrupt

i.ll_conn_handle_ping_timer_nearly_expired_interrupt
                0x000035bc       0x20
 i.ll_conn_handle_ping_timer_nearly_expired_interrupt
                0x000035bc       0x20 C:\Program Files (x86)\Cypress\PSoC Creator\3.1\PSoC Creator\psoc\content\cycomponentlibrary\CyComponentLibrary.cylib\BLE_v1_20\Library\gccCyBLEStack_BLE_SOC_PERIPHERAL.a(ll_connection.o)
                0x000035bc                ll_conn_handle_ping_timer_nearly_expired_interrupt

i.ll_conn_handle_stop_connectable_adv
                0x000035dc       0x12
 i.ll_conn_handle_stop_connectable_adv
                0x000035dc       0x12 C:\Program Files (x86)\Cypress\PSoC Creator\3.1\PSoC Creator\psoc\content\cycomponentlibrary\CyComponentLibrary.cylib\BLE_v1_20\Library\gccCyBLEStack_BLE_SOC_PERIPHERAL.a(ll_connection.o)
                0x000035dc                ll_conn_handle_stop_connectable_adv

i.ll_conn_process_pending_transactions
                0x000035ee        0x4
 i.ll_conn_process_pending_transactions
                0x000035ee        0x4 C:\Program Files (x86)\Cypress\PSoC Creator\3.1\PSoC Creator\psoc\content\cycomponentlibrary\CyComponentLibrary.cylib\BLE_v1_20\Library\gccCyBLEStack_BLE_SOC_PERIPHERAL.a(ll_connection.o)
                0x000035ee                ll_conn_process_pending_transactions

i.ll_conn_program_authenticated_payload_timer
                0x000035f4       0x50
 i.ll_conn_program_authenticated_payload_timer
                0x000035f4       0x50 C:\Program Files (x86)\Cypress\PSoC Creator\3.1\PSoC Creator\psoc\content\cycomponentlibrary\CyComponentLibrary.cylib\BLE_v1_20\Library\gccCyBLEStack_BLE_SOC_PERIPHERAL.a(ll_connection.o)
                0x000035f4                ll_conn_program_authenticated_payload_timer

i.ll_conn_read_data_pdu_from_hardware
                0x00003644       0x14
 i.ll_conn_read_data_pdu_from_hardware
                0x00003644       0x14 C:\Program Files (x86)\Cypress\PSoC Creator\3.1\PSoC Creator\psoc\content\cycomponentlibrary\CyComponentLibrary.cylib\BLE_v1_20\Library\gccCyBLEStack_BLE_SOC_PERIPHERAL.a(ll_connection.o)
                0x00003644                ll_conn_read_data_pdu_from_hardware

i.ll_conn_send_ping_req_pdu
                0x00003658       0x40
 i.ll_conn_send_ping_req_pdu
                0x00003658       0x40 C:\Program Files (x86)\Cypress\PSoC Creator\3.1\PSoC Creator\psoc\content\cycomponentlibrary\CyComponentLibrary.cylib\BLE_v1_20\Library\gccCyBLEStack_BLE_SOC_PERIPHERAL.a(ll_connection.o)
                0x00003658                ll_conn_send_ping_req_pdu

i.ll_conn_store_pending_tx_pdu
                0x00003698       0x1a
 i.ll_conn_store_pending_tx_pdu
                0x00003698       0x1a C:\Program Files (x86)\Cypress\PSoC Creator\3.1\PSoC Creator\psoc\content\cycomponentlibrary\CyComponentLibrary.cylib\BLE_v1_20\Library\gccCyBLEStack_BLE_SOC_PERIPHERAL.a(ll_connection.o)
                0x00003698                ll_conn_store_pending_tx_pdu

i.ll_conn_update_rssi
                0x000036b2       0x16
 i.ll_conn_update_rssi
                0x000036b2       0x16 C:\Program Files (x86)\Cypress\PSoC Creator\3.1\PSoC Creator\psoc\content\cycomponentlibrary\CyComponentLibrary.cylib\BLE_v1_20\Library\gccCyBLEStack_BLE_SOC_PERIPHERAL.a(ll_connection.o)
                0x000036b2                ll_conn_update_rssi

i.ll_convert_hci_llid_to_ll_llid_host_to_controller
                0x000036c8        0x8
 i.ll_convert_hci_llid_to_ll_llid_host_to_controller
                0x000036c8        0x8 C:\Program Files (x86)\Cypress\PSoC Creator\3.1\PSoC Creator\psoc\content\cycomponentlibrary\CyComponentLibrary.cylib\BLE_v1_20\Library\gccCyBLEStack_BLE_SOC_PERIPHERAL.a(ll_connection.o)
                0x000036c8                ll_convert_hci_llid_to_ll_llid_host_to_controller

i.ll_convert_ll_llid_to_hci_llid_controller_to_host
                0x000036d0        0x2
 i.ll_convert_ll_llid_to_hci_llid_controller_to_host
                0x000036d0        0x2 C:\Program Files (x86)\Cypress\PSoC Creator\3.1\PSoC Creator\psoc\content\cycomponentlibrary\CyComponentLibrary.cylib\BLE_v1_20\Library\gccCyBLEStack_BLE_SOC_PERIPHERAL.a(ll_connection.o)
                0x000036d0                ll_convert_ll_llid_to_hci_llid_controller_to_host

i.ll_decode_and_program_connect_req
                0x000036d4       0xec
 i.ll_decode_and_program_connect_req
                0x000036d4       0xec C:\Program Files (x86)\Cypress\PSoC Creator\3.1\PSoC Creator\psoc\content\cycomponentlibrary\CyComponentLibrary.cylib\BLE_v1_20\Library\gccCyBLEStack_BLE_SOC_PERIPHERAL.a(ll_connection.o)
                0x000036d4                ll_decode_and_program_connect_req

i.ll_enc_fsm_derive_session_key
                0x000037c0       0x46
 i.ll_enc_fsm_derive_session_key
                0x000037c0       0x46 C:\Program Files (x86)\Cypress\PSoC Creator\3.1\PSoC Creator\psoc\content\cycomponentlibrary\CyComponentLibrary.cylib\BLE_v1_20\Library\gccCyBLEStack_BLE_SOC_PERIPHERAL.a(ll_connection.o)
                0x000037c0                ll_enc_fsm_derive_session_key

i.ll_enc_handle_enc_complete
                0x00003806       0x68
 i.ll_enc_handle_enc_complete
                0x00003806       0x68 C:\Program Files (x86)\Cypress\PSoC Creator\3.1\PSoC Creator\psoc\content\cycomponentlibrary\CyComponentLibrary.cylib\BLE_v1_20\Library\gccCyBLEStack_BLE_SOC_PERIPHERAL.a(ll_connection.o)
                0x00003806                ll_enc_handle_enc_complete

i.ll_enc_handle_enc_failure
                0x00003870       0xa4
 i.ll_enc_handle_enc_failure
                0x00003870       0xa4 C:\Program Files (x86)\Cypress\PSoC Creator\3.1\PSoC Creator\psoc\content\cycomponentlibrary\CyComponentLibrary.cylib\BLE_v1_20\Library\gccCyBLEStack_BLE_SOC_PERIPHERAL.a(ll_connection.o)
                0x00003870                ll_enc_handle_enc_failure

i.ll_enc_handle_ll_reject_pdu_cb
                0x00003914       0x24
 i.ll_enc_handle_ll_reject_pdu_cb
                0x00003914       0x24 C:\Program Files (x86)\Cypress\PSoC Creator\3.1\PSoC Creator\psoc\content\cycomponentlibrary\CyComponentLibrary.cylib\BLE_v1_20\Library\gccCyBLEStack_BLE_SOC_PERIPHERAL.a(ll_connection.o)
                0x00003914                ll_enc_handle_ll_reject_pdu_cb

i.ll_enc_handle_ll_terminate_pdu
                0x00003938       0x16
 i.ll_enc_handle_ll_terminate_pdu
                0x00003938       0x16 C:\Program Files (x86)\Cypress\PSoC Creator\3.1\PSoC Creator\psoc\content\cycomponentlibrary\CyComponentLibrary.cylib\BLE_v1_20\Library\gccCyBLEStack_BLE_SOC_PERIPHERAL.a(ll_connection.o)
                0x00003938                ll_enc_handle_ll_terminate_pdu

i.ll_enc_handle_ll_unknown_resp_pdu_cb
                0x0000394e       0x24
 i.ll_enc_handle_ll_unknown_resp_pdu_cb
                0x0000394e       0x24 C:\Program Files (x86)\Cypress\PSoC Creator\3.1\PSoC Creator\psoc\content\cycomponentlibrary\CyComponentLibrary.cylib\BLE_v1_20\Library\gccCyBLEStack_BLE_SOC_PERIPHERAL.a(ll_connection.o)
                0x0000394e                ll_enc_handle_ll_unknown_resp_pdu_cb

i.ll_enc_handle_slave_await_to_start_cb
                0x00003974       0x80
 i.ll_enc_handle_slave_await_to_start_cb
                0x00003974       0x80 C:\Program Files (x86)\Cypress\PSoC Creator\3.1\PSoC Creator\psoc\content\cycomponentlibrary\CyComponentLibrary.cylib\BLE_v1_20\Library\gccCyBLEStack_BLE_SOC_PERIPHERAL.a(ll_connection.o)
                0x00003974                ll_enc_handle_slave_await_to_start_cb

i.ll_enc_handle_slave_enc_resp_ack_cb
                0x000039f4       0x28
 i.ll_enc_handle_slave_enc_resp_ack_cb
                0x000039f4       0x28 C:\Program Files (x86)\Cypress\PSoC Creator\3.1\PSoC Creator\psoc\content\cycomponentlibrary\CyComponentLibrary.cylib\BLE_v1_20\Library\gccCyBLEStack_BLE_SOC_PERIPHERAL.a(ll_connection.o)
                0x000039f4                ll_enc_handle_slave_enc_resp_ack_cb

i.ll_enc_handle_slave_ltk_neg_reply_cb
                0x00003a1c       0x60
 i.ll_enc_handle_slave_ltk_neg_reply_cb
                0x00003a1c       0x60 C:\Program Files (x86)\Cypress\PSoC Creator\3.1\PSoC Creator\psoc\content\cycomponentlibrary\CyComponentLibrary.cylib\BLE_v1_20\Library\gccCyBLEStack_BLE_SOC_PERIPHERAL.a(ll_connection.o)
                0x00003a1c                ll_enc_handle_slave_ltk_neg_reply_cb

i.ll_enc_handle_slave_pause_enc_req_cb
                0x00003a7c       0x46
 i.ll_enc_handle_slave_pause_enc_req_cb
                0x00003a7c       0x46 C:\Program Files (x86)\Cypress\PSoC Creator\3.1\PSoC Creator\psoc\content\cycomponentlibrary\CyComponentLibrary.cylib\BLE_v1_20\Library\gccCyBLEStack_BLE_SOC_PERIPHERAL.a(ll_connection.o)
                0x00003a7c                ll_enc_handle_slave_pause_enc_req_cb

i.ll_enc_handle_slave_pause_enc_resp_cb
                0x00003ac2       0x10
 i.ll_enc_handle_slave_pause_enc_resp_cb
                0x00003ac2       0x10 C:\Program Files (x86)\Cypress\PSoC Creator\3.1\PSoC Creator\psoc\content\cycomponentlibrary\CyComponentLibrary.cylib\BLE_v1_20\Library\gccCyBLEStack_BLE_SOC_PERIPHERAL.a(ll_connection.o)
                0x00003ac2                ll_enc_handle_slave_pause_enc_resp_cb

i.ll_enc_handle_slave_reject_ind_ack_cb
                0x00003ad2       0x22
 i.ll_enc_handle_slave_reject_ind_ack_cb
                0x00003ad2       0x22 C:\Program Files (x86)\Cypress\PSoC Creator\3.1\PSoC Creator\psoc\content\cycomponentlibrary\CyComponentLibrary.cylib\BLE_v1_20\Library\gccCyBLEStack_BLE_SOC_PERIPHERAL.a(ll_connection.o)
                0x00003ad2                ll_enc_handle_slave_reject_ind_ack_cb

i.ll_enc_handle_slave_start_enc_resp_ack_cb
                0x00003af4        0x8
 i.ll_enc_handle_slave_start_enc_resp_ack_cb
                0x00003af4        0x8 C:\Program Files (x86)\Cypress\PSoC Creator\3.1\PSoC Creator\psoc\content\cycomponentlibrary\CyComponentLibrary.cylib\BLE_v1_20\Library\gccCyBLEStack_BLE_SOC_PERIPHERAL.a(ll_connection.o)
                0x00003af4                ll_enc_handle_slave_start_enc_resp_ack_cb

i.ll_enc_handle_slave_start_enc_resp_cb
                0x00003afc       0x34
 i.ll_enc_handle_slave_start_enc_resp_cb
                0x00003afc       0x34 C:\Program Files (x86)\Cypress\PSoC Creator\3.1\PSoC Creator\psoc\content\cycomponentlibrary\CyComponentLibrary.cylib\BLE_v1_20\Library\gccCyBLEStack_BLE_SOC_PERIPHERAL.a(ll_connection.o)
                0x00003afc                ll_enc_handle_slave_start_enc_resp_cb

i.ll_enc_send_start_encryption_request
                0x00003b30       0x38
 i.ll_enc_send_start_encryption_request
                0x00003b30       0x38 C:\Program Files (x86)\Cypress\PSoC Creator\3.1\PSoC Creator\psoc\content\cycomponentlibrary\CyComponentLibrary.cylib\BLE_v1_20\Library\gccCyBLEStack_BLE_SOC_PERIPHERAL.a(ll_connection.o)
                0x00003b30                ll_enc_send_start_encryption_request

i.ll_extract_pdu_opcode
                0x00003b68        0x4
 i.ll_extract_pdu_opcode
                0x00003b68        0x4 C:\Program Files (x86)\Cypress\PSoC Creator\3.1\PSoC Creator\psoc\content\cycomponentlibrary\CyComponentLibrary.cylib\BLE_v1_20\Library\gccCyBLEStack_BLE_SOC_PERIPHERAL.a(ll_connection.o)
                0x00003b68                ll_extract_pdu_opcode

i.ll_fsm_handle_conn_established_ind
                0x00003b6c       0x7c
 i.ll_fsm_handle_conn_established_ind
                0x00003b6c       0x7c C:\Program Files (x86)\Cypress\PSoC Creator\3.1\PSoC Creator\psoc\content\cycomponentlibrary\CyComponentLibrary.cylib\BLE_v1_20\Library\gccCyBLEStack_BLE_SOC_PERIPHERAL.a(ll_connection.o)
                0x00003b6c                ll_fsm_handle_conn_established_ind

i.ll_fsm_handle_conn_failure_ind
                0x00003be8        0xc
 i.ll_fsm_handle_conn_failure_ind
                0x00003be8        0xc C:\Program Files (x86)\Cypress\PSoC Creator\3.1\PSoC Creator\psoc\content\cycomponentlibrary\CyComponentLibrary.cylib\BLE_v1_20\Library\gccCyBLEStack_BLE_SOC_PERIPHERAL.a(ll_connection.o)
                0x00003be8                ll_fsm_handle_conn_failure_ind

i.ll_fsm_handle_disconnecting_state
                0x00003bf4       0x16
 i.ll_fsm_handle_disconnecting_state
                0x00003bf4       0x16 C:\Program Files (x86)\Cypress\PSoC Creator\3.1\PSoC Creator\psoc\content\cycomponentlibrary\CyComponentLibrary.cylib\BLE_v1_20\Library\gccCyBLEStack_BLE_SOC_PERIPHERAL.a(ll_connection.o)
                0x00003bf4                ll_fsm_handle_disconnecting_state

i.ll_fsm_handle_end_of_conn_interval
                0x00003c0c       0x30
 i.ll_fsm_handle_end_of_conn_interval
                0x00003c0c       0x30 C:\Program Files (x86)\Cypress\PSoC Creator\3.1\PSoC Creator\psoc\content\cycomponentlibrary\CyComponentLibrary.cylib\BLE_v1_20\Library\gccCyBLEStack_BLE_SOC_PERIPHERAL.a(ll_connection.o)
                0x00003c0c                ll_fsm_handle_end_of_conn_interval

i.ll_fsm_handle_pdu_response_timeout
                0x00003c3c       0x20
 i.ll_fsm_handle_pdu_response_timeout
                0x00003c3c       0x20 C:\Program Files (x86)\Cypress\PSoC Creator\3.1\PSoC Creator\psoc\content\cycomponentlibrary\CyComponentLibrary.cylib\BLE_v1_20\Library\gccCyBLEStack_BLE_SOC_PERIPHERAL.a(ll_connection.o)
                0x00003c3c                ll_fsm_handle_pdu_response_timeout

i.ll_fsm_handle_sup_timeout_ind
                0x00003c5c       0x22
 i.ll_fsm_handle_sup_timeout_ind
                0x00003c5c       0x22 C:\Program Files (x86)\Cypress\PSoC Creator\3.1\PSoC Creator\psoc\content\cycomponentlibrary\CyComponentLibrary.cylib\BLE_v1_20\Library\gccCyBLEStack_BLE_SOC_PERIPHERAL.a(ll_connection.o)
                0x00003c5c                ll_fsm_handle_sup_timeout_ind

i.ll_fsm_move_to_disconnected_state
                0x00003c7e       0x94
 i.ll_fsm_move_to_disconnected_state
                0x00003c7e       0x94 C:\Program Files (x86)\Cypress\PSoC Creator\3.1\PSoC Creator\psoc\content\cycomponentlibrary\CyComponentLibrary.cylib\BLE_v1_20\Library\gccCyBLEStack_BLE_SOC_PERIPHERAL.a(ll_connection.o)
                0x00003c7e                ll_fsm_move_to_disconnected_state

i.ll_generate_connection_complete
                0x00003d12       0x62
 i.ll_generate_connection_complete
                0x00003d12       0x62 C:\Program Files (x86)\Cypress\PSoC Creator\3.1\PSoC Creator\psoc\content\cycomponentlibrary\CyComponentLibrary.cylib\BLE_v1_20\Library\gccCyBLEStack_BLE_SOC_PERIPHERAL.a(ll_connection.o)